 robot2_sfun

 Timestamp is 5b94fe4d (Sun Sep 09 19:04:45 2018)

 Preferred load address is 0000000180000000

 Start         Length     Name                   Class
 0001:00000000 0000faf2H .text$mn                CODE
 0001:0000fb00 0000007bH .text$x                 CODE
 0002:00000000 00000468H .idata$5                DATA
 0002:00000468 00000008H .CRT$XCA                DATA
 0002:00000470 00000008H .CRT$XCZ                DATA
 0002:00000478 00000008H .CRT$XIA                DATA
 0002:00000480 00000008H .CRT$XIAA               DATA
 0002:00000488 00000008H .CRT$XIC                DATA
 0002:00000490 00000008H .CRT$XIZ                DATA
 0002:000004a0 00000700H .rdata                  DATA
 0002:00000ba0 00000008H .rtc$IAA                DATA
 0002:00000ba8 00000008H .rtc$IZZ                DATA
 0002:00000bb0 00000008H .rtc$TAA                DATA
 0002:00000bb8 00000008H .rtc$TZZ                DATA
 0002:00000bc0 000007c4H .xdata                  DATA
 0002:00001390 00000051H .edata                  DATA
 0002:000013e4 0000008cH .idata$2                DATA
 0002:00001470 00000014H .idata$3                DATA
 0002:00001488 00000468H .idata$4                DATA
 0002:000018f0 00000c7aH .idata$6                DATA
 0003:00000000 00001b78H .data                   DATA
 0003:00001b80 000006b8H .bss                    DATA
 0004:00000000 0000093cH .pdata                  DATA

  Address         Publics by Value              Rva+Base               Lib:Object

 0000:00000000       ___safe_se_handler_count   0000000000000000     <absolute>
 0000:00000000       __guard_fids_count         0000000000000000     <absolute>
 0000:00000000       ___safe_se_handler_table   0000000000000000     <absolute>
 0000:00000000       __guard_flags              0000000000000000     <absolute>
 0000:00000000       __guard_fids_table         0000000000000000     <absolute>
 0000:00000000       __ImageBase                0000000180000000     <linker-defined>
 0001:00000000       robot2_initializer         0000000180001000 f   robot2_sfun.obj
 0001:00000010       robot2_terminator          0000000180001010 f   robot2_sfun.obj
 0001:00000020       load_robot2_optimization_info 0000000180001020 f   robot2_sfun.obj
 0001:000000d0       unload_robot2_optimization_info 00000001800010d0 f   robot2_sfun.obj
 0001:00000100       sf_robot2_method_dispatcher 0000000180001100 f   robot2_sfun.obj
 0001:00000150       sf_robot2_process_check_sum_call 0000000180001150 f   robot2_sfun.obj
 0001:00000700       sf_robot2_autoinheritance_info 0000000180001700 f   robot2_sfun.obj
 0001:000008e0       sf_robot2_get_eml_resolved_functions_info 00000001800018e0 f   robot2_sfun.obj
 0001:00000a60       sf_robot2_third_party_uses_info 0000000180001a60 f   robot2_sfun.obj
 0001:00000c30       sf_robot2_jit_fallback_info 0000000180001c30 f   robot2_sfun.obj
 0001:00000e00       sf_robot2_updateBuildInfo_args_info 0000000180001e00 f   robot2_sfun.obj
 0001:00000fd0       robot2_debug_initialize    0000000180001fd0 f   robot2_sfun.obj
 0001:00001050       robot2_register_exported_symbols 0000000180002050 f   robot2_sfun.obj
 0001:00001060       sf_c1_robot2_get_eml_resolved_functions_info 0000000180002060 f   c1_robot2.obj
 0001:000010e0       sf_c1_robot2_get_check_sum 00000001800020e0 f   c1_robot2.obj
 0001:000011b0       c1_robot2_method_dispatcher 00000001800021b0 f   c1_robot2.obj
 0001:00005b70       sf_c1_robot2_get_post_codegen_info 0000000180006b70 f   c1_robot2.obj
 0001:00005c40       sf_c1_robot2_get_autoinheritance_info 0000000180006c40 f   c1_robot2.obj
 0001:000066d0       sf_c1_robot2_third_party_uses_info 00000001800076d0 f   c1_robot2.obj
 0001:00006700       sf_c1_robot2_jit_fallback_info 0000000180007700 f   c1_robot2.obj
 0001:00006890       sf_c1_robot2_updateBuildInfo_args_info 0000000180007890 f   c1_robot2.obj
 0001:00007550       mexFunction                0000000180008550 f   robot2_sfun_registry.obj
 0001:00008920       _ssSetInputPortDirectFeedThroughFcn 0000000180009920 f   robot2_sfun_registry.obj
 0001:00008ad0       _ssGetInputPortSignalPtrsFcn 0000000180009ad0 f   robot2_sfun_registry.obj
 0001:00008da0       _ssGetInputPortSignalFcn   0000000180009da0 f   robot2_sfun_registry.obj
 0001:00009070       _ssSetInputPortReusableFcn 000000018000a070 f   robot2_sfun_registry.obj
 0001:00009150       _ssSetOutputPortReusableFcn 000000018000a150 f   robot2_sfun_registry.obj
 0001:00009230       _ssSetSymbolicDimsSupport  000000018000a230 f   robot2_sfun_registry.obj
 0001:000092a0       _ssRegisterSymbolicDimsExpr 000000018000a2a0 f   robot2_sfun_registry.obj
 0001:00009320       _ssRegisterSymbolicDims    000000018000a320 f   robot2_sfun_registry.obj
 0001:000093c0       _ssRegisterSymbolicDimsString 000000018000a3c0 f   robot2_sfun_registry.obj
 0001:00009440       _ssRegisterSymbolicDimsIntValue 000000018000a440 f   robot2_sfun_registry.obj
 0001:000094b0       _ssRegisterSymbolicDimsPlus 000000018000a4b0 f   robot2_sfun_registry.obj
 0001:00009530       _ssRegisterSymbolicDimsMinus 000000018000a530 f   robot2_sfun_registry.obj
 0001:000095b0       _ssRegisterSymbolicDimsMultiply 000000018000a5b0 f   robot2_sfun_registry.obj
 0001:00009630       _ssRegisterSymbolicDimsDivide 000000018000a630 f   robot2_sfun_registry.obj
 0001:000096b0       _ssGetNumSymbolicDims      000000018000a6b0 f   robot2_sfun_registry.obj
 0001:00009720       _ssGetSymbolicDim          000000018000a720 f   robot2_sfun_registry.obj
 0001:000097a0       _ssSetInputPortSymbolicDimsId 000000018000a7a0 f   robot2_sfun_registry.obj
 0001:00009810       _ssGetCompInputPortSymbolicDimsId 000000018000a810 f   robot2_sfun_registry.obj
 0001:00009880       _ssSetCompInputPortSymbolicDimsId 000000018000a880 f   robot2_sfun_registry.obj
 0001:000098f0       _ssSetOutputPortSymbolicDimsId 000000018000a8f0 f   robot2_sfun_registry.obj
 0001:00009960       _ssGetCompOutputPortSymbolicDimsId 000000018000a960 f   robot2_sfun_registry.obj
 0001:000099d0       _ssSetCompOutputPortSymbolicDimsId 000000018000a9d0 f   robot2_sfun_registry.obj
 0001:00009a40       _ssSetCompDWorkSymbolicDimsId 000000018000aa40 f   robot2_sfun_registry.obj
 0001:00009ab0       ssGetIsZeroCrossControlDisabled 000000018000aab0 f   robot2_sfun_registry.obj
 0001:00009b20       ssSetIsInputPortUsedForContZcSignal 000000018000ab20 f   robot2_sfun_registry.obj
 0001:00009b90       ssSetZcSignalIsZcElementDisc 000000018000ab90 f   robot2_sfun_registry.obj
 0001:00009c40       ssSetZcSignalName          000000018000ac40 f   robot2_sfun_registry.obj
 0001:00009cb0       ssSetZcSignalWidth         000000018000acb0 f   robot2_sfun_registry.obj
 0001:00009d20       ssSetZcSignalZcEventType   000000018000ad20 f   robot2_sfun_registry.obj
 0001:00009d90       ssSetZcSignalType          000000018000ad90 f   robot2_sfun_registry.obj
 0001:00009e00       ssSetZcSignalZcTol         000000018000ae00 f   robot2_sfun_registry.obj
 0001:00009e70       ssSetZcSignalNeedsEventNotification 000000018000ae70 f   robot2_sfun_registry.obj
 0001:00009ee0       ssCreateAndAddZcSignalInfo 000000018000aee0 f   robot2_sfun_registry.obj
 0001:00009f50       ssCloneAndAddZcSignalInfo  000000018000af50 f   robot2_sfun_registry.obj
 0001:00009fc0       ssGetNumZcSignals          000000018000afc0 f   robot2_sfun_registry.obj
 0001:0000a030       ssGetZcSignalVector        000000018000b030 f   robot2_sfun_registry.obj
 0001:0000a0a0       ssGetZcSignalName          000000018000b0a0 f   robot2_sfun_registry.obj
 0001:0000a110       ssGetZcSignalWidth         000000018000b110 f   robot2_sfun_registry.obj
 0001:0000a180       ssGetZcSignalZcEventType   000000018000b180 f   robot2_sfun_registry.obj
 0001:0000a1f0       ssGetZcSignalZcEvents      000000018000b1f0 f   robot2_sfun_registry.obj
 0001:0000a260       ssGetZcSignalType          000000018000b260 f   robot2_sfun_registry.obj
 0001:0000a2d0       ssGetZcSignalZcTol         000000018000b2d0 f   robot2_sfun_registry.obj
 0001:0000a350       ssGetZcSignalNeedsEventNotification 000000018000b350 f   robot2_sfun_registry.obj
 0001:0000a3c0       ssGetZcSignalIsZcElementDisc 000000018000b3c0 f   robot2_sfun_registry.obj
 0001:0000a460       ssGetIsInputPortElementContinuous 000000018000b460 f   robot2_sfun_registry.obj
 0001:0000a500       ssGetDTypeIdFromMxArray    000000018000b500 f   robot2_sfun_registry.obj
 0001:0000a620       ssWriteRTWStr              000000018000b620 f   robot2_sfun_registry.obj
 0001:0000a680       ssWriteRTWNameValuePair    000000018000b680 f   robot2_sfun_registry.obj
 0001:0000ab80       ssWriteRTWParamSettings    000000018000bb80 f   robot2_sfun_registry.obj
 0001:0000b270       ssWriteRTWParameters       000000018000c270 f   robot2_sfun_registry.obj
 0001:0000b840       ssWriteRTWWorkVect         000000018000c840 f   robot2_sfun_registry.obj
 0001:0000bd30       ssWriteRTWMxVectParam      000000018000cd30 f   robot2_sfun_registry.obj
 0001:0000bdb0       ssWriteRTWMx2dMatParam     000000018000cdb0 f   robot2_sfun_registry.obj
 0001:0000be40       _ssSetInputPortMatrixDimensions 000000018000ce40 f   robot2_sfun_registry.obj
 0001:0000bf40       _ssSetOutputPortMatrixDimensions 000000018000cf40 f   robot2_sfun_registry.obj
 0001:0000c040       _ssSetInputPortVectorDimension 000000018000d040 f   robot2_sfun_registry.obj
 0001:0000c0f0       _ssSetOutputPortVectorDimension 000000018000d0f0 f   robot2_sfun_registry.obj
 0001:0000c1a0       ssIsRunTimeParamTunable    000000018000d1a0 f   robot2_sfun_registry.obj
 0001:0000c210       ssGetSFuncBlockHandle      000000018000d210 f   robot2_sfun_registry.obj
 0001:0000c280       _ssGetCurrentInputPortWidth 000000018000d280 f   robot2_sfun_registry.obj
 0001:0000c3a0       _ssGetCurrentOutputPortWidth 000000018000d3a0 f   robot2_sfun_registry.obj
 0001:0000c4c0       _ssGetCallSystemNumFcnCallDestinations 000000018000d4c0 f   robot2_sfun_registry.obj
 0001:0000c530       ssGetParameterTuningCompliance 000000018000d530 f   robot2_sfun_registry.obj
 0001:0000c5a0       ssWarning                  000000018000d5a0 f   robot2_sfun_registry.obj
 0001:0000c690       _ssGetAbsTol               000000018000d690 f   robot2_sfun_registry.obj
 0001:0000c700       _ssSetStateAbsTol          000000018000d700 f   robot2_sfun_registry.obj
 0001:0000c7e0       sf_process_check_sum_call  000000018000d7e0 f   robot2_sfun_registry.obj
 0001:0000c830       sf_process_autoinheritance_call 000000018000d830 f   robot2_sfun_registry.obj
 0001:0000ca60       sf_process_get_third_party_uses_info_call 000000018000da60 f   robot2_sfun_registry.obj
 0001:0000cc90       sf_process_get_jit_fallback_info_call 000000018000dc90 f   robot2_sfun_registry.obj
 0001:0000cec0       sf_process_get_updateBuildInfo_args_info_call 000000018000dec0 f   robot2_sfun_registry.obj
 0001:0000d0f0       sf_process_get_eml_resolved_functions_info_call 000000018000e0f0 f   robot2_sfun_registry.obj
 0001:0000d2f0       sf_mex_unlock_call         000000018000e2f0 f   robot2_sfun_registry.obj
 0001:0000d590       sf_machine_global_initializer_called 000000018000e590 f   robot2_sfun_registry.obj
 0001:0000d5c0       sf_machine_global_method_dispatcher 000000018000e5c0 f   robot2_sfun_registry.obj
 0001:0000d620       sf_machine_global_terminator 000000018000e620 f   robot2_sfun_registry.obj
 0001:0000d670       sf_register_machine_exported_symbols 000000018000e670 f   robot2_sfun_registry.obj
 0001:0000d690       callCustomFcn              000000018000e690 f   robot2_sfun_registry.obj
 0001:0000d6a0       sf_machine_global_initializer 000000018000e6a0 f   robot2_sfun_registry.obj
 0001:0000d720       mdlGetSimState             000000018000e720 f   robot2_sfun_registry.obj
 0001:0000d760       mdlSetSimState             000000018000e760 f   robot2_sfun_registry.obj
 0001:0000dfc0       ProcessMexSfunctionEveryCall 000000018000efc0 f   robot2_sfun_registry.obj
 0001:0000ecc6       sf_load_rtw_optimization_info 000000018000fcc6 f   sf_runtime:sf_runtime.dll
 0001:0000eccc       sf_debug_initialize_machine 000000018000fccc f   sf_runtime:sf_runtime.dll
 0001:0000ecd2       sf_debug_set_machine_event_thresholds 000000018000fcd2 f   sf_runtime:sf_runtime.dll
 0001:0000ecd8       sf_debug_set_machine_data_thresholds 000000018000fcd8 f   sf_runtime:sf_runtime.dll
 0001:0000ecde       sf_init_ChartRunTimeInfo   000000018000fcde f   sf_runtime:sf_runtime.dll
 0001:0000ece4       sf_free_ChartRunTimeInfo   000000018000fce4 f   sf_runtime:sf_runtime.dll
 0001:0000ecea       sf_get_chart_instance_ptr  000000018000fcea f   sf_runtime:sf_runtime.dll
 0001:0000ecf0       sf_rtw_info_uint_prop      000000018000fcf0 f   sf_runtime:sf_runtime.dll
 0001:0000ecf6       sf_update_buildInfo        000000018000fcf6 f   sf_runtime:sf_runtime.dll
 0001:0000ecfc       sf_is_chart_inlinable      000000018000fcfc f   sf_runtime:sf_runtime.dll
 0001:0000ed02       sf_mark_chart_reusable_outputs 000000018000fd02 f   sf_runtime:sf_runtime.dll
 0001:0000ed08       sf_mark_chart_expressionable_inputs 000000018000fd08 f   sf_runtime:sf_runtime.dll
 0001:0000ed0e       sim_mode_is_rtw_gen        000000018000fd0e f   sf_runtime:sf_runtime.dll
 0001:0000ed14       sim_mode_is_external       000000018000fd14 f   sf_runtime:sf_runtime.dll
 0001:0000ed1a       sim_mode_is_modelref_sim   000000018000fd1a f   sf_runtime:sf_runtime.dll
 0001:0000ed20       sf_clear_rtw_identifier    000000018000fd20 f   sf_runtime:sf_runtime.dll
 0001:0000ed26       sf_set_rtw_dwork_info      000000018000fd26 f   sf_runtime:sf_runtime.dll
 0001:0000ed2c       sf_get_time                000000018000fd2c f   sf_runtime:sf_runtime.dll
 0001:0000ed32       sf_is_first_init_cond      000000018000fd32 f   sf_runtime:sf_runtime.dll
 0001:0000ed38       sf_set_chart_accesses_machine_info 000000018000fd38 f   sf_runtime:sf_runtime.dll
 0001:0000ed3e       sf_mex_call_debug          000000018000fd3e f   sf_runtime:sf_runtime.dll
 0001:0000ed44       sf_mex_error_message       000000018000fd44 f   sf_runtime:sf_runtime.dll
 0001:0000ed4a       sf_mex_create              000000018000fd4a f   sf_runtime:sf_runtime.dll
 0001:0000ed50       sf_mex_createcellmatrix    000000018000fd50 f   sf_runtime:sf_runtime.dll
 0001:0000ed56       sf_mex_setcell             000000018000fd56 f   sf_runtime:sf_runtime.dll
 0001:0000ed5c       sf_mex_getcell             000000018000fd5c f   sf_runtime:sf_runtime.dll
 0001:0000ed62       sf_mex_assign              000000018000fd62 f   sf_runtime:sf_runtime.dll
 0001:0000ed68       sf_mex_dup                 000000018000fd68 f   sf_runtime:sf_runtime.dll
 0001:0000ed6e       sf_mex_destroy             000000018000fd6e f   sf_runtime:sf_runtime.dll
 0001:0000ed74       sf_mex_import              000000018000fd74 f   sf_runtime:sf_runtime.dll
 0001:0000ed7a       sf_mex_decode_encoded_mx_struct_array 000000018000fd7a f   sf_runtime:sf_runtime.dll
 0001:0000ed80       ssGetInputPortSignal_wrapper 000000018000fd80 f   sf_runtime:sf_runtime.dll
 0001:0000ed86       ssGetOutputPortSignal_wrapper 000000018000fd86 f   sf_runtime:sf_runtime.dll
 0001:0000ed8c       sf_debug_initialize_chart  000000018000fd8c f   sf_runtime:sf_runtime.dll
 0001:0000ed92       sf_debug_call              000000018000fd92 f   sf_runtime:sf_runtime.dll
 0001:0000ed98       eml_debug_line_call        000000018000fd98 f   sf_runtime:sf_runtime.dll
 0001:0000ed9e       cv_eml_eval                000000018000fd9e f   sf_runtime:sf_runtime.dll
 0001:0000eda4       cv_eml_init_script         000000018000fda4 f   sf_runtime:sf_runtime.dll
 0001:0000edaa       cv_eml_init_fcn            000000018000fdaa f   sf_runtime:sf_runtime.dll
 0001:0000edb0       sf_debug_reset_current_state_configuration 000000018000fdb0 f   sf_runtime:sf_runtime.dll
 0001:0000edb6       sf_debug_check_for_state_inconsistency 000000018000fdb6 f   sf_runtime:sf_runtime.dll
 0001:0000edbc       sf_debug_set_chart_data_props 000000018000fdbc f   sf_runtime:sf_runtime.dll
 0001:0000edc2       sf_debug_set_chart_data_compiled_props 000000018000fdc2 f   sf_runtime:sf_runtime.dll
 0001:0000edc8       sf_debug_symbol_scope_push 000000018000fdc8 f   sf_runtime:sf_runtime.dll
 0001:0000edce       sf_debug_symbol_scope_push_eml 000000018000fdce f   sf_runtime:sf_runtime.dll
 0001:0000edd4       sf_debug_symbol_scope_pop  000000018000fdd4 f   sf_runtime:sf_runtime.dll
 0001:0000edda       sf_debug_symbol_scope_add_eml 000000018000fdda f   sf_runtime:sf_runtime.dll
 0001:0000ede0       sf_debug_symbol_scope_add_eml_importable 000000018000fde0 f   sf_runtime:sf_runtime.dll
 0001:0000ede6       sf_debug_set_instance_data_value_ptr 000000018000fde6 f   sf_runtime:sf_runtime.dll
 0001:0000edec       sf_debug_set_chart_disable_implicit_casting 000000018000fdec f   sf_runtime:sf_runtime.dll
 0001:0000edf2       sf_debug_set_chart_event_thresholds 000000018000fdf2 f   sf_runtime:sf_runtime.dll
 0001:0000edf8       sf_debug_set_chart_state_info 000000018000fdf8 f   sf_runtime:sf_runtime.dll
 0001:0000edfe       sf_debug_set_chart_decomposition 000000018000fdfe f   sf_runtime:sf_runtime.dll
 0001:0000ee04       sf_debug_set_chart_substate_count 000000018000fe04 f   sf_runtime:sf_runtime.dll
 0001:0000ee0a       sf_debug_data_range_wrapper 000000018000fe0a f   sf_runtime:sf_runtime.dll
 0001:0000ee10       sf_debug_cv_init_trans     000000018000fe10 f   sf_runtime:sf_runtime.dll
 0001:0000ee16       sf_debug_cv_init_chart     000000018000fe16 f   sf_runtime:sf_runtime.dll
 0001:0000ee1c       sf_debug_cv_init_state     000000018000fe1c f   sf_runtime:sf_runtime.dll
 0001:0000ee22       sf_get_ChartInfoStruct_CodeGen 000000018000fe22 f   sf_runtime:sf_runtime.dll
 0001:0000ee28       sf_get_isEnhancedMooreMachine 000000018000fe28 f   sf_runtime:sf_runtime.dll
 0001:0000ee2e       sf_set_compiledInfo        000000018000fe2e f   sf_runtime:sf_runtime.dll
 0001:0000ee34       callMdlMethodAndReportError 000000018000fe34 f   sf_runtime:sf_runtime.dll
 0001:0000ee3a       call_sf_machine_global_method_dispatcher 000000018000fe3a f   sf_runtime:sf_runtime.dll
 0001:0000ee40       sf_mex_error_direct_call   000000018000fe40 f   sf_runtime:sf_runtime.dll
 0001:0000ee46       sf_clear_error_manager_info 000000018000fe46 f   sf_runtime:sf_runtime.dll
 0001:0000ee4c       sf_debug_create_debug_instance_struct 000000018000fe4c f   sf_runtime:sf_runtime.dll
 0001:0000ee52       sf_debug_terminate         000000018000fe52 f   sf_runtime:sf_runtime.dll
 0001:0000ee58       sf_debug_api               000000018000fe58 f   sf_runtime:sf_runtime.dll
 0001:0000ee5e       mxIsChar                   000000018000fe5e f   libmx:libmx.dll
 0001:0000ee64       mxGetPr                    000000018000fe64 f   libmx:libmx.dll
 0001:0000ee6a       mxGetScalar                000000018000fe6a f   libmx:libmx.dll
 0001:0000ee70       mxDestroyArray             000000018000fe70 f   libmx:libmx.dll
 0001:0000ee76       mxCreateDoubleMatrix_730   000000018000fe76 f   libmx:libmx.dll
 0001:0000ee7c       mxGetString_730            000000018000fe7c f   libmx:libmx.dll
 0001:0000ee82       mxDuplicateArray           000000018000fe82 f   libmx:libmx.dll
 0001:0000ee88       mxSetField_730             000000018000fe88 f   libmx:libmx.dll
 0001:0000ee8e       mxCreateDoubleScalar       000000018000fe8e f   libmx:libmx.dll
 0001:0000ee94       mxCreateString             000000018000fe94 f   libmx:libmx.dll
 0001:0000ee9a       mxCreateCellMatrix_730     000000018000fe9a f   libmx:libmx.dll
 0001:0000eea0       mxCreateCellArray_730      000000018000fea0 f   libmx:libmx.dll
 0001:0000eea6       mxCreateStructMatrix_730   000000018000fea6 f   libmx:libmx.dll
 0001:0000eeac       mxCreateStructArray_730    000000018000feac f   libmx:libmx.dll
 0001:0000eeb2       mxGetNaN                   000000018000feb2 f   libmx:libmx.dll
 0001:0000eeb8       mxCalloc                   000000018000feb8 f   libmx:libmx.dll
 0001:0000eebe       mxGetM                     000000018000febe f   libmx:libmx.dll
 0001:0000eec4       mxGetClassID               000000018000fec4 f   libmx:libmx.dll
 0001:0000eeca       mxIsNumeric                000000018000feca f   libmx:libmx.dll
 0001:0000eed0       mxIsComplex                000000018000fed0 f   libmx:libmx.dll
 0001:0000eed6       mxGetN                     000000018000fed6 f   libmx:libmx.dll
 0001:0000eedc       mexMakeArrayPersistent     000000018000fedc f   libmex:libmex.dll
 0001:0000eee2       mexErrMsgTxt               000000018000fee2 f   libmex:libmex.dll
 0001:0000eee8       mexWarnMsgTxt              000000018000fee8 f   libmex:libmex.dll
 0001:0000eeee       mexCallMATLABWithObject    000000018000feee f   libmex:libmex.dll
 0001:0000eef4       mexLock                    000000018000fef4 f   libmex:libmex.dll
 0001:0000eefa       mexUnlock                  000000018000fefa f   libmex:libmex.dll
 0001:0000ef00       mexIsLocked                000000018000ff00 f   libmex:libmex.dll
 0001:0000ef06       utMalloc                   000000018000ff06 f   libut:libut.dll
 0001:0000ef0c       utFree                     000000018000ff0c f   libut:libut.dll
 0001:0000ef12       muDoubleScalarAbs          000000018000ff12 f   libmwmathutil:libmwmathutil.dll
 0001:0000ef18       muDoubleScalarIsNaN        000000018000ff18 f   libmwmathutil:libmwmathutil.dll
 0001:0000ef20       __raise_securityfailure    000000018000ff20 f   MSVCRT:gs_report.obj
 0001:0000ef6c       __report_gsfailure         000000018000ff6c f   MSVCRT:gs_report.obj
 0001:0000f040       __report_rangecheckfailure 0000000180010040 f   MSVCRT:gs_report.obj
 0001:0000f054       __report_securityfailure   0000000180010054 f   MSVCRT:gs_report.obj
 0001:0000f0f0       __report_securityfailureEx 00000001800100f0 f   MSVCRT:gs_report.obj
 0001:0000f1fe       strcmp                     00000001800101fe f   MSVCRT:MSVCR120.dll
 0001:0000f204       __GSHandlerCheck           0000000180010204 f   MSVCRT:gshandler.obj
 0001:0000f224       __GSHandlerCheckCommon     0000000180010224 f   MSVCRT:gshandler.obj
 0001:0000f2a0       __security_check_cookie    00000001800102a0 f   MSVCRT:amdsecgs.obj
 0001:0000f2c0       memset                     00000001800102c0 f   MSVCRT:MSVCR120.dll
 0001:0000f2c6       memcpy                     00000001800102c6 f   MSVCRT:MSVCR120.dll
 0001:0000f2cc       strcat                     00000001800102cc f   MSVCRT:MSVCR120.dll
 0001:0000f2d2       strlen                     00000001800102d2 f   MSVCRT:MSVCR120.dll
 0001:0000f2d8       sprintf                    00000001800102d8 f   MSVCRT:MSVCR120.dll
 0001:0000f2de       free                       00000001800102de f   MSVCRT:MSVCR120.dll
 0001:0000f2e4       malloc                     00000001800102e4 f   MSVCRT:MSVCR120.dll
 0001:0000f34c       NtCurrentTeb               000000018001034c f i MSVCRT:crtdll.obj
 0001:0000f358       _CRT_INIT                  0000000180010358 f   MSVCRT:crtdll.obj
 0001:0000f5a4       _DllMainCRTStartup         00000001800105a4 f   MSVCRT:crtdll.obj
 0001:0000f71a       __crt_debugger_hook        000000018001071a f   MSVCRT:MSVCR120.dll
 0001:0000f720       __crtUnhandledException    0000000180010720 f   MSVCRT:MSVCR120.dll
 0001:0000f726       __crtTerminateProcess      0000000180010726 f   MSVCRT:MSVCR120.dll
 0001:0000f72c       __crtCaptureCurrentContext 000000018001072c f   MSVCRT:MSVCR120.dll
 0001:0000f732       __crtCapturePreviousContext 0000000180010732 f   MSVCRT:MSVCR120.dll
 0001:0000f738       __CppXcptFilter            0000000180010738 f   MSVCRT:MSVCR120.dll
 0001:0000f73e       _amsg_exit                 000000018001073e f   MSVCRT:MSVCR120.dll
 0001:0000f750       _FindPESection             0000000180010750 f   MSVCRT:pesect.obj
 0001:0000f7a0       _IsNonwritableInCurrentImage 00000001800107a0 f   MSVCRT:pesect.obj
 0001:0000f7f0       _ValidateImageBase         00000001800107f0 f   MSVCRT:pesect.obj
 0001:0000f820       __atonexitinit             0000000180010820 f   MSVCRT:atonexit.obj
 0001:0000f870       _onexit                    0000000180010870 f   MSVCRT:atonexit.obj
 0001:0000f920       atexit                     0000000180010920 f   MSVCRT:atonexit.obj
 0001:0000f938       __security_init_cookie     0000000180010938 f   MSVCRT:gs_support.obj
 0001:0000f9e4       DllMain                    00000001800109e4 f   MSVCRT:dllmain.obj
 0001:0000fa08       _malloc_crt                0000000180010a08 f   MSVCRT:MSVCR120.dll
 0001:0000fa10       _RTC_Initialize            0000000180010a10 f   MSVCRT:initsect.obj
 0001:0000fa48       _RTC_Terminate             0000000180010a48 f   MSVCRT:initsect.obj
 0001:0000fa80       _initterm                  0000000180010a80 f   MSVCRT:MSVCR120.dll
 0001:0000fa86       _initterm_e                0000000180010a86 f   MSVCRT:MSVCR120.dll
 0001:0000fa8c       __clean_type_info_names    0000000180010a8c f   MSVCRT:tncleanup.obj
 0001:0000fa98       __C_specific_handler       0000000180010a98 f   MSVCRT:MSVCR120.dll
 0001:0000fa9e       _lock                      0000000180010a9e f   MSVCRT:MSVCR120.dll
 0001:0000faa4       _unlock                    0000000180010aa4 f   MSVCRT:MSVCR120.dll
 0001:0000faaa       _calloc_crt                0000000180010aaa f   MSVCRT:MSVCR120.dll
 0001:0000fab0       __dllonexit                0000000180010ab0 f   MSVCRT:MSVCR120.dll
 0001:0000fab6       __clean_type_info_names_internal 0000000180010ab6 f   MSVCRT:MSVCR120.dll
 0001:0000fabc       IsDebuggerPresent          0000000180010abc f   kernel32:KERNEL32.dll
 0001:0000fac2       IsProcessorFeaturePresent  0000000180010ac2 f   kernel32:KERNEL32.dll
 0001:0000fac8       EncodePointer              0000000180010ac8 f   kernel32:KERNEL32.dll
 0001:0000face       DecodePointer              0000000180010ace f   kernel32:KERNEL32.dll
 0001:0000fad4       QueryPerformanceCounter    0000000180010ad4 f   kernel32:KERNEL32.dll
 0001:0000fada       GetCurrentProcessId        0000000180010ada f   kernel32:KERNEL32.dll
 0001:0000fae0       GetCurrentThreadId         0000000180010ae0 f   kernel32:KERNEL32.dll
 0001:0000fae6       GetSystemTimeAsFileTime    0000000180010ae6 f   kernel32:KERNEL32.dll
 0001:0000faec       DisableThreadLibraryCalls  0000000180010aec f   kernel32:KERNEL32.dll
 0002:00000000       __imp_DisableThreadLibraryCalls 0000000180011000     kernel32:KERNEL32.dll
 0002:00000008       __imp_GetSystemTimeAsFileTime 0000000180011008     kernel32:KERNEL32.dll
 0002:00000010       __imp_GetCurrentThreadId   0000000180011010     kernel32:KERNEL32.dll
 0002:00000018       __imp_GetCurrentProcessId  0000000180011018     kernel32:KERNEL32.dll
 0002:00000020       __imp_QueryPerformanceCounter 0000000180011020     kernel32:KERNEL32.dll
 0002:00000028       __imp_DecodePointer        0000000180011028     kernel32:KERNEL32.dll
 0002:00000030       __imp_EncodePointer        0000000180011030     kernel32:KERNEL32.dll
 0002:00000038       __imp_IsProcessorFeaturePresent 0000000180011038     kernel32:KERNEL32.dll
 0002:00000040       __imp_IsDebuggerPresent    0000000180011040     kernel32:KERNEL32.dll
 0002:00000048       \177KERNEL32_NULL_THUNK_DATA 0000000180011048     kernel32:KERNEL32.dll
 0002:00000050       __imp___clean_type_info_names_internal 0000000180011050     MSVCRT:MSVCR120.dll
 0002:00000058       __imp__onexit              0000000180011058     MSVCRT:MSVCR120.dll
 0002:00000060       __imp___dllonexit          0000000180011060     MSVCRT:MSVCR120.dll
 0002:00000068       __imp__calloc_crt          0000000180011068     MSVCRT:MSVCR120.dll
 0002:00000070       __imp__unlock              0000000180011070     MSVCRT:MSVCR120.dll
 0002:00000078       __imp__lock                0000000180011078     MSVCRT:MSVCR120.dll
 0002:00000080       __imp___C_specific_handler 0000000180011080     MSVCRT:MSVCR120.dll
 0002:00000088       __imp__initterm_e          0000000180011088     MSVCRT:MSVCR120.dll
 0002:00000090       __imp__initterm            0000000180011090     MSVCRT:MSVCR120.dll
 0002:00000098       __imp__malloc_crt          0000000180011098     MSVCRT:MSVCR120.dll
 0002:000000a0       __imp__amsg_exit           00000001800110a0     MSVCRT:MSVCR120.dll
 0002:000000a8       __imp___CppXcptFilter      00000001800110a8     MSVCRT:MSVCR120.dll
 0002:000000b0       __imp___crtCapturePreviousContext 00000001800110b0     MSVCRT:MSVCR120.dll
 0002:000000b8       __imp___crtCaptureCurrentContext 00000001800110b8     MSVCRT:MSVCR120.dll
 0002:000000c0       __imp___crtTerminateProcess 00000001800110c0     MSVCRT:MSVCR120.dll
 0002:000000c8       __imp___crtUnhandledException 00000001800110c8     MSVCRT:MSVCR120.dll
 0002:000000d0       __imp___crt_debugger_hook  00000001800110d0     MSVCRT:MSVCR120.dll
 0002:000000d8       __imp_malloc               00000001800110d8     MSVCRT:MSVCR120.dll
 0002:000000e0       __imp_free                 00000001800110e0     MSVCRT:MSVCR120.dll
 0002:000000e8       __imp_sprintf              00000001800110e8     MSVCRT:MSVCR120.dll
 0002:000000f0       __imp_strlen               00000001800110f0     MSVCRT:MSVCR120.dll
 0002:000000f8       __imp_strcat               00000001800110f8     MSVCRT:MSVCR120.dll
 0002:00000100       __imp_memcpy               0000000180011100     MSVCRT:MSVCR120.dll
 0002:00000108       __imp_memset               0000000180011108     MSVCRT:MSVCR120.dll
 0002:00000110       __imp_strcmp               0000000180011110     MSVCRT:MSVCR120.dll
 0002:00000118       \177MSVCR120_NULL_THUNK_DATA 0000000180011118     MSVCRT:MSVCR120.dll
 0002:00000120       __imp_mexUnlock            0000000180011120     libmex:libmex.dll
 0002:00000128       __imp_mexErrMsgTxt         0000000180011128     libmex:libmex.dll
 0002:00000130       __imp_mexWarnMsgTxt        0000000180011130     libmex:libmex.dll
 0002:00000138       __imp_mexIsLocked          0000000180011138     libmex:libmex.dll
 0002:00000140       __imp_mexMakeArrayPersistent 0000000180011140     libmex:libmex.dll
 0002:00000148       __imp_mexLock              0000000180011148     libmex:libmex.dll
 0002:00000150       __imp_mexCallMATLABWithObject 0000000180011150     libmex:libmex.dll
 0002:00000158       \177libmex_NULL_THUNK_DATA 0000000180011158     libmex:libmex.dll
 0002:00000160       __imp_muDoubleScalarIsNaN  0000000180011160     libmwmathutil:libmwmathutil.dll
 0002:00000168       __imp_muDoubleScalarAbs    0000000180011168     libmwmathutil:libmwmathutil.dll
 0002:00000170       \177libmwmathutil_NULL_THUNK_DATA 0000000180011170     libmwmathutil:libmwmathutil.dll
 0002:00000178       __imp_mxGetN               0000000180011178     libmx:libmx.dll
 0002:00000180       __imp_mxIsComplex          0000000180011180     libmx:libmx.dll
 0002:00000188       __imp_mxIsNumeric          0000000180011188     libmx:libmx.dll
 0002:00000190       __imp_mxGetClassID         0000000180011190     libmx:libmx.dll
 0002:00000198       __imp_mxGetM               0000000180011198     libmx:libmx.dll
 0002:000001a0       __imp_mxCalloc             00000001800111a0     libmx:libmx.dll
 0002:000001a8       __imp_mxGetNaN             00000001800111a8     libmx:libmx.dll
 0002:000001b0       __imp_mxCreateStructArray_730 00000001800111b0     libmx:libmx.dll
 0002:000001b8       __imp_mxCreateStructMatrix_730 00000001800111b8     libmx:libmx.dll
 0002:000001c0       __imp_mxCreateCellArray_730 00000001800111c0     libmx:libmx.dll
 0002:000001c8       __imp_mxCreateCellMatrix_730 00000001800111c8     libmx:libmx.dll
 0002:000001d0       __imp_mxCreateString       00000001800111d0     libmx:libmx.dll
 0002:000001d8       __imp_mxCreateDoubleScalar 00000001800111d8     libmx:libmx.dll
 0002:000001e0       __imp_mxSetField_730       00000001800111e0     libmx:libmx.dll
 0002:000001e8       __imp_mxDuplicateArray     00000001800111e8     libmx:libmx.dll
 0002:000001f0       __imp_mxGetString_730      00000001800111f0     libmx:libmx.dll
 0002:000001f8       __imp_mxCreateDoubleMatrix_730 00000001800111f8     libmx:libmx.dll
 0002:00000200       __imp_mxDestroyArray       0000000180011200     libmx:libmx.dll
 0002:00000208       __imp_mxGetScalar          0000000180011208     libmx:libmx.dll
 0002:00000210       __imp_mxGetPr              0000000180011210     libmx:libmx.dll
 0002:00000218       __imp_mxIsChar             0000000180011218     libmx:libmx.dll
 0002:00000220       \177libmx_NULL_THUNK_DATA  0000000180011220     libmx:libmx.dll
 0002:00000228       __imp_utMalloc             0000000180011228     libut:libut.dll
 0002:00000230       __imp_utFree               0000000180011230     libut:libut.dll
 0002:00000238       \177libut_NULL_THUNK_DATA  0000000180011238     libut:libut.dll
 0002:00000240       __imp_sf_debug_create_debug_instance_struct 0000000180011240     sf_runtime:sf_runtime.dll
 0002:00000248       __imp_sf_clear_error_manager_info 0000000180011248     sf_runtime:sf_runtime.dll
 0002:00000250       __imp_sf_mex_error_direct_call 0000000180011250     sf_runtime:sf_runtime.dll
 0002:00000258       __imp_call_sf_machine_global_method_dispatcher 0000000180011258     sf_runtime:sf_runtime.dll
 0002:00000260       __imp_callMdlMethodAndReportError 0000000180011260     sf_runtime:sf_runtime.dll
 0002:00000268       __imp_sf_set_compiledInfo  0000000180011268     sf_runtime:sf_runtime.dll
 0002:00000270       __imp_sf_get_isEnhancedMooreMachine 0000000180011270     sf_runtime:sf_runtime.dll
 0002:00000278       __imp_sf_get_ChartInfoStruct_CodeGen 0000000180011278     sf_runtime:sf_runtime.dll
 0002:00000280       __imp_sf_debug_cv_init_state 0000000180011280     sf_runtime:sf_runtime.dll
 0002:00000288       __imp_sf_debug_cv_init_chart 0000000180011288     sf_runtime:sf_runtime.dll
 0002:00000290       __imp_sf_debug_cv_init_trans 0000000180011290     sf_runtime:sf_runtime.dll
 0002:00000298       __imp_sf_debug_data_range_wrapper 0000000180011298     sf_runtime:sf_runtime.dll
 0002:000002a0       __imp_sf_debug_set_chart_substate_count 00000001800112a0     sf_runtime:sf_runtime.dll
 0002:000002a8       __imp_sf_debug_terminate   00000001800112a8     sf_runtime:sf_runtime.dll
 0002:000002b0       __imp_sf_debug_set_chart_state_info 00000001800112b0     sf_runtime:sf_runtime.dll
 0002:000002b8       __imp_sf_debug_set_chart_event_thresholds 00000001800112b8     sf_runtime:sf_runtime.dll
 0002:000002c0       __imp_sf_debug_set_chart_disable_implicit_casting 00000001800112c0     sf_runtime:sf_runtime.dll
 0002:000002c8       __imp_sf_debug_set_instance_data_value_ptr 00000001800112c8     sf_runtime:sf_runtime.dll
 0002:000002d0       __imp_sf_debug_symbol_scope_add_eml_importable 00000001800112d0     sf_runtime:sf_runtime.dll
 0002:000002d8       __imp_sf_debug_symbol_scope_add_eml 00000001800112d8     sf_runtime:sf_runtime.dll
 0002:000002e0       __imp_sf_debug_symbol_scope_pop 00000001800112e0     sf_runtime:sf_runtime.dll
 0002:000002e8       __imp_sf_debug_symbol_scope_push_eml 00000001800112e8     sf_runtime:sf_runtime.dll
 0002:000002f0       __imp_sf_debug_symbol_scope_push 00000001800112f0     sf_runtime:sf_runtime.dll
 0002:000002f8       __imp_sf_debug_set_chart_data_compiled_props 00000001800112f8     sf_runtime:sf_runtime.dll
 0002:00000300       __imp_sf_debug_set_chart_data_props 0000000180011300     sf_runtime:sf_runtime.dll
 0002:00000308       __imp_sf_debug_check_for_state_inconsistency 0000000180011308     sf_runtime:sf_runtime.dll
 0002:00000310       __imp_sf_debug_reset_current_state_configuration 0000000180011310     sf_runtime:sf_runtime.dll
 0002:00000318       __imp_sf_debug_api         0000000180011318     sf_runtime:sf_runtime.dll
 0002:00000320       __imp_sf_debug_set_chart_decomposition 0000000180011320     sf_runtime:sf_runtime.dll
 0002:00000328       __imp_cv_eml_init_fcn      0000000180011328     sf_runtime:sf_runtime.dll
 0002:00000330       __imp_cv_eml_init_script   0000000180011330     sf_runtime:sf_runtime.dll
 0002:00000338       __imp_cv_eml_eval          0000000180011338     sf_runtime:sf_runtime.dll
 0002:00000340       __imp_eml_debug_line_call  0000000180011340     sf_runtime:sf_runtime.dll
 0002:00000348       __imp_sf_debug_call        0000000180011348     sf_runtime:sf_runtime.dll
 0002:00000350       __imp_sf_debug_initialize_chart 0000000180011350     sf_runtime:sf_runtime.dll
 0002:00000358       __imp_ssGetOutputPortSignal_wrapper 0000000180011358     sf_runtime:sf_runtime.dll
 0002:00000360       __imp_ssGetInputPortSignal_wrapper 0000000180011360     sf_runtime:sf_runtime.dll
 0002:00000368       __imp_sf_mex_decode_encoded_mx_struct_array 0000000180011368     sf_runtime:sf_runtime.dll
 0002:00000370       __imp_sf_mex_import        0000000180011370     sf_runtime:sf_runtime.dll
 0002:00000378       __imp_sf_mex_destroy       0000000180011378     sf_runtime:sf_runtime.dll
 0002:00000380       __imp_sf_mex_dup           0000000180011380     sf_runtime:sf_runtime.dll
 0002:00000388       __imp_sf_mex_assign        0000000180011388     sf_runtime:sf_runtime.dll
 0002:00000390       __imp_sf_mex_getcell       0000000180011390     sf_runtime:sf_runtime.dll
 0002:00000398       __imp_sf_mex_setcell       0000000180011398     sf_runtime:sf_runtime.dll
 0002:000003a0       __imp_sf_mex_createcellmatrix 00000001800113a0     sf_runtime:sf_runtime.dll
 0002:000003a8       __imp_sf_mex_create        00000001800113a8     sf_runtime:sf_runtime.dll
 0002:000003b0       __imp_sf_mex_error_message 00000001800113b0     sf_runtime:sf_runtime.dll
 0002:000003b8       __imp_sf_mex_call_debug    00000001800113b8     sf_runtime:sf_runtime.dll
 0002:000003c0       __imp_sf_set_chart_accesses_machine_info 00000001800113c0     sf_runtime:sf_runtime.dll
 0002:000003c8       __imp_sf_is_first_init_cond 00000001800113c8     sf_runtime:sf_runtime.dll
 0002:000003d0       __imp_sf_get_time          00000001800113d0     sf_runtime:sf_runtime.dll
 0002:000003d8       __imp_sf_set_rtw_dwork_info 00000001800113d8     sf_runtime:sf_runtime.dll
 0002:000003e0       __imp_sf_clear_rtw_identifier 00000001800113e0     sf_runtime:sf_runtime.dll
 0002:000003e8       __imp_sim_mode_is_modelref_sim 00000001800113e8     sf_runtime:sf_runtime.dll
 0002:000003f0       __imp_sim_mode_is_external 00000001800113f0     sf_runtime:sf_runtime.dll
 0002:000003f8       __imp_sim_mode_is_rtw_gen  00000001800113f8     sf_runtime:sf_runtime.dll
 0002:00000400       __imp_sf_mark_chart_expressionable_inputs 0000000180011400     sf_runtime:sf_runtime.dll
 0002:00000408       __imp_sf_mark_chart_reusable_outputs 0000000180011408     sf_runtime:sf_runtime.dll
 0002:00000410       __imp_sf_is_chart_inlinable 0000000180011410     sf_runtime:sf_runtime.dll
 0002:00000418       __imp_sf_update_buildInfo  0000000180011418     sf_runtime:sf_runtime.dll
 0002:00000420       __imp_sf_rtw_info_uint_prop 0000000180011420     sf_runtime:sf_runtime.dll
 0002:00000428       __imp_sf_get_chart_instance_ptr 0000000180011428     sf_runtime:sf_runtime.dll
 0002:00000430       __imp_sf_free_ChartRunTimeInfo 0000000180011430     sf_runtime:sf_runtime.dll
 0002:00000438       __imp_sf_init_ChartRunTimeInfo 0000000180011438     sf_runtime:sf_runtime.dll
 0002:00000440       __imp_sf_debug_set_machine_data_thresholds 0000000180011440     sf_runtime:sf_runtime.dll
 0002:00000448       __imp_sf_debug_set_machine_event_thresholds 0000000180011448     sf_runtime:sf_runtime.dll
 0002:00000450       __imp_sf_debug_initialize_machine 0000000180011450     sf_runtime:sf_runtime.dll
 0002:00000458       __imp_sf_load_rtw_optimization_info 0000000180011458     sf_runtime:sf_runtime.dll
 0002:00000460       \177sf_runtime_NULL_THUNK_DATA 0000000180011460     sf_runtime:sf_runtime.dll
 0002:00000468       __xc_a                     0000000180011468     MSVCRT:cinitexe.obj
 0002:00000470       __xc_z                     0000000180011470     MSVCRT:cinitexe.obj
 0002:00000478       __xi_a                     0000000180011478     MSVCRT:cinitexe.obj
 0002:00000490       __xi_z                     0000000180011490     MSVCRT:cinitexe.obj
 0002:000004a0       __real@41a66e472e000000    00000001800114a0     robot2_sfun.obj
 0002:000004a8       __real@41bebf461f000000    00000001800114a8     robot2_sfun.obj
 0002:000004b0       __real@41d8963d16800000    00000001800114b0     robot2_sfun.obj
 0002:000004b8       __real@41da91fd70400000    00000001800114b8     robot2_sfun.obj
 0002:000004c0       __real@41db9ba3aac00000    00000001800114c0     robot2_sfun.obj
 0002:000004c8       __real@41e03505f3800000    00000001800114c8     robot2_sfun.obj
 0002:000004d0       __real@41e1575dbcc00000    00000001800114d0     robot2_sfun.obj
 0002:000004d8       __real@41e22abb95e00000    00000001800114d8     robot2_sfun.obj
 0002:000004e0       __real@41e39b35bde00000    00000001800114e0     robot2_sfun.obj
 0002:000004e8       __real@41eab3fec5c00000    00000001800114e8     robot2_sfun.obj
 0002:000004f0       __real@41eace7a43800000    00000001800114f0     robot2_sfun.obj
 0002:000004f8       __real@41ec37a787a00000    00000001800114f8     robot2_sfun.obj
 0002:00000500       __real@0000000000000000    0000000180011500     c1_robot2.obj
 0002:00000508       __real@3cb0000000000000    0000000180011508     c1_robot2.obj
 0002:00000510       __real@3ff0000000000000    0000000180011510     c1_robot2.obj
 0002:00000518       __real@4008000000000000    0000000180011518     c1_robot2.obj
 0002:00000520       __real@4010000000000000    0000000180011520     c1_robot2.obj
 0002:00000528       __real@4024000000000000    0000000180011528     c1_robot2.obj
 0002:00000530       __real@4171e6e070000000    0000000180011530     c1_robot2.obj
 0002:00000538       __real@41a18c3086000000    0000000180011538     c1_robot2.obj
 0002:00000540       __real@41e9afcc8ee00000    0000000180011540     c1_robot2.obj
 0002:00000548       __real@41ec196a44c00000    0000000180011548     c1_robot2.obj
 0002:00000550       __xmm@80000000000000008000000000000000 0000000180011550     c1_robot2.obj
 0002:00000560       DYNAMIC_DIMENSION_DEF      0000000180011560     robot2_sfun_registry.obj
 0002:00000580       _ssBadLevel2InputAccessMsg 0000000180011580     robot2_sfun_registry.obj
 0002:00000710       _ssBadLevel2DirectFeedMsg  0000000180011710     robot2_sfun_registry.obj
 0002:00000850       _ssBadLevel2DirectFeedSolutionMsg 0000000180011850     robot2_sfun_registry.obj
 0002:000008c0       _ssBadLevel2ZeroDirectFeedMsg 00000001800118c0     robot2_sfun_registry.obj
 0002:00000a00       _ssBadLevel2ZeroDirectFeedMsg2 0000000180011a00     robot2_sfun_registry.obj
 0002:00000ae8       __real@41602cbca0000000    0000000180011ae8     robot2_sfun_registry.obj
 0002:00000af0       __real@bff0000000000000    0000000180011af0     robot2_sfun_registry.obj
 0002:00000b08       _pRawDllMain               0000000180011b08     MSVCRT:crtdll.obj
 0002:00000b08       _pDefaultRawDllMain        0000000180011b08     MSVCRT:crtdll.obj
 0002:00000b10       ?ProcessDetach@NativeDll@<CrtImplementationDetails>@@0IB 0000000180011b10     MSVCRT:initsect.obj
 0002:00000b14       ?ProcessAttach@NativeDll@<CrtImplementationDetails>@@0IB 0000000180011b14     MSVCRT:initsect.obj
 0002:00000b18       ?ThreadAttach@NativeDll@<CrtImplementationDetails>@@0IB 0000000180011b18     MSVCRT:initsect.obj
 0002:00000b1c       ?ThreadDetach@NativeDll@<CrtImplementationDetails>@@0IB 0000000180011b1c     MSVCRT:initsect.obj
 0002:00000b20       ?ProcessVerifier@NativeDll@<CrtImplementationDetails>@@0IB 0000000180011b20     MSVCRT:initsect.obj
 0002:00000b24       ?value@?$integral_constant@_N$0A@@std@@2_NB 0000000180011b24     MSVCRT:tncleanup.obj
 0002:00000b25       ?value@?$integral_constant@_N$00@std@@2_NB 0000000180011b25     MSVCRT:tncleanup.obj
 0002:00000b30       _load_config_used          0000000180011b30     MSVCRT:loadcfg.obj
 0002:00000ba0       __rtc_iaa                  0000000180011ba0     MSVCRT:initsect.obj
 0002:00000ba8       __rtc_izz                  0000000180011ba8     MSVCRT:initsect.obj
 0002:00000bb0       __rtc_taa                  0000000180011bb0     MSVCRT:initsect.obj
 0002:00000bb8       __rtc_tzz                  0000000180011bb8     MSVCRT:initsect.obj
 0002:000013e4       __IMPORT_DESCRIPTOR_sf_runtime 00000001800123e4     sf_runtime:sf_runtime.dll
 0002:000013f8       __IMPORT_DESCRIPTOR_libmx  00000001800123f8     libmx:libmx.dll
 0002:0000140c       __IMPORT_DESCRIPTOR_libmex 000000018001240c     libmex:libmex.dll
 0002:00001420       __IMPORT_DESCRIPTOR_libut  0000000180012420     libut:libut.dll
 0002:00001434       __IMPORT_DESCRIPTOR_libmwmathutil 0000000180012434     libmwmathutil:libmwmathutil.dll
 0002:00001448       __IMPORT_DESCRIPTOR_MSVCR120 0000000180012448     MSVCRT:MSVCR120.dll
 0002:0000145c       __IMPORT_DESCRIPTOR_KERNEL32 000000018001245c     kernel32:KERNEL32.dll
 0002:00001470       __NULL_IMPORT_DESCRIPTOR   0000000180012470     sf_runtime:sf_runtime.dll
 0003:000014d8       DYNAMIC_DIMENSION          00000001800154d8     robot2_sfun_registry.obj
 0003:00001b60       __security_cookie          0000000180015b60     MSVCRT:gs_cookie.obj
 0003:00001b68       __security_cookie_complement 0000000180015b68     MSVCRT:gs_cookie.obj
 0003:00001b70       _fltused                   0000000180015b70     MSVCRT:dllsupp.obj
 0003:00001b74       __native_dllmain_reason    0000000180015b74     MSVCRT:natstart.obj
 0003:00001ba8       sfGlobalDebugInstanceStruct 0000000180015ba8     robot2_sfun_registry.obj
 0003:000021f8       ?__type_info_root_node@@3U__type_info_node@@A 00000001800161f8     MSVCRT:tncleanup.obj
 0003:00002208       _robot2MachineNumber_      0000000180016208     <common>
 0003:00002210       __native_startup_lock      0000000180016210     <common>
 0003:00002218       __native_startup_state     0000000180016218     <common>
 0003:00002220       __onexitend                0000000180016220     <common>
 0003:00002228       __onexitbegin              0000000180016228     <common>
 0003:00002230       __dyn_tls_init_callback    0000000180016230     <common>

 entry point at        0001:0000f5a4

 Static symbols

 0000:00000000       .debug$S                   0000000180000000     sf_runtime:sf_runtime.dll
 0000:00000000       .debug$S                   0000000180000000     sf_runtime:sf_runtime.dll
 0000:00000000       .debug$S                   0000000180000000     sf_runtime:sf_runtime.dll
 0000:00000000       .debug$S                   0000000180000000     sf_runtime:sf_runtime.dll
 0000:00000000       .debug$S                   0000000180000000     sf_runtime:sf_runtime.dll
 0000:00000000       .debug$S                   0000000180000000     sf_runtime:sf_runtime.dll
 0000:00000000       .debug$S                   0000000180000000     kernel32:KERNEL32.dll
 0000:00000000       .debug$S                   0000000180000000     kernel32:KERNEL32.dll
 0000:00000000       .debug$S                   0000000180000000     kernel32:KERNEL32.dll
 0000:00000000       .debug$S                   0000000180000000     kernel32:KERNEL32.dll
 0000:00000000       .debug$S                   0000000180000000     kernel32:KERNEL32.dll
 0000:00000000       .debug$S                   0000000180000000     kernel32:KERNEL32.dll
 0000:00000000       .debug$S                   0000000180000000     kernel32:KERNEL32.dll
 0000:00000000       .debug$S                   0000000180000000     kernel32:KERNEL32.dll
 0000:00000000       .debug$S                   0000000180000000     kernel32:KERNEL32.dll
 0000:00000000       .debug$S                   0000000180000000     MSVCRT:MSVCR120.dll
 0000:00000000       .debug$S                   0000000180000000     MSVCRT:MSVCR120.dll
 0000:00000000       .debug$S                   0000000180000000     MSVCRT:MSVCR120.dll
 0000:00000000       .debug$S                   0000000180000000     MSVCRT:MSVCR120.dll
 0000:00000000       .debug$S                   0000000180000000     MSVCRT:MSVCR120.dll
 0000:00000000       .debug$S                   0000000180000000     MSVCRT:MSVCR120.dll
 0000:00000000       .debug$S                   0000000180000000     MSVCRT:MSVCR120.dll
 0000:00000000       .debug$S                   0000000180000000     MSVCRT:MSVCR120.dll
 0000:00000000       .debug$S                   0000000180000000     MSVCRT:MSVCR120.dll
 0000:00000000       .debug$S                   0000000180000000     MSVCRT:MSVCR120.dll
 0000:00000000       .debug$S                   0000000180000000     MSVCRT:MSVCR120.dll
 0000:00000000       .debug$S                   0000000180000000     MSVCRT:MSVCR120.dll
 0000:00000000       .debug$S                   0000000180000000     MSVCRT:MSVCR120.dll
 0000:00000000       .debug$S                   0000000180000000     MSVCRT:MSVCR120.dll
 0000:00000000       .debug$S                   0000000180000000     MSVCRT:MSVCR120.dll
 0000:00000000       .debug$S                   0000000180000000     MSVCRT:MSVCR120.dll
 0000:00000000       .debug$S                   0000000180000000     MSVCRT:MSVCR120.dll
 0000:00000000       .debug$S                   0000000180000000     MSVCRT:MSVCR120.dll
 0000:00000000       .debug$S                   0000000180000000     MSVCRT:MSVCR120.dll
 0000:00000000       .debug$S                   0000000180000000     MSVCRT:MSVCR120.dll
 0000:00000000       .debug$S                   0000000180000000     MSVCRT:MSVCR120.dll
 0000:00000000       .debug$S                   0000000180000000     MSVCRT:MSVCR120.dll
 0000:00000000       .debug$S                   0000000180000000     MSVCRT:MSVCR120.dll
 0000:00000000       .debug$S                   0000000180000000     MSVCRT:MSVCR120.dll
 0000:00000000       .debug$S                   0000000180000000     MSVCRT:MSVCR120.dll
 0000:00000000       .debug$S                   0000000180000000     sf_runtime:sf_runtime.dll
 0000:00000000       .debug$S                   0000000180000000     sf_runtime:sf_runtime.dll
 0000:00000000       .debug$S                   0000000180000000     sf_runtime:sf_runtime.dll
 0000:00000000       .debug$S                   0000000180000000     sf_runtime:sf_runtime.dll
 0000:00000000       .debug$S                   0000000180000000     sf_runtime:sf_runtime.dll
 0000:00000000       .debug$S                   0000000180000000     sf_runtime:sf_runtime.dll
 0000:00000000       .debug$S                   0000000180000000     sf_runtime:sf_runtime.dll
 0000:00000000       .debug$S                   0000000180000000     sf_runtime:sf_runtime.dll
 0000:00000000       .debug$S                   0000000180000000     sf_runtime:sf_runtime.dll
 0000:00000000       .debug$S                   0000000180000000     sf_runtime:sf_runtime.dll
 0000:00000000       .debug$S                   0000000180000000     sf_runtime:sf_runtime.dll
 0000:00000000       .debug$S                   0000000180000000     sf_runtime:sf_runtime.dll
 0000:00000000       .debug$S                   0000000180000000     sf_runtime:sf_runtime.dll
 0000:00000000       .debug$S                   0000000180000000     sf_runtime:sf_runtime.dll
 0000:00000000       .debug$S                   0000000180000000     sf_runtime:sf_runtime.dll
 0000:00000000       .debug$S                   0000000180000000     sf_runtime:sf_runtime.dll
 0000:00000000       .debug$S                   0000000180000000     sf_runtime:sf_runtime.dll
 0000:00000000       .debug$S                   0000000180000000     sf_runtime:sf_runtime.dll
 0000:00000000       .debug$S                   0000000180000000     sf_runtime:sf_runtime.dll
 0000:00000000       .debug$S                   0000000180000000     sf_runtime:sf_runtime.dll
 0000:00000000       .debug$S                   0000000180000000     sf_runtime:sf_runtime.dll
 0000:00000000       .debug$S                   0000000180000000     sf_runtime:sf_runtime.dll
 0000:00000000       .debug$S                   0000000180000000     sf_runtime:sf_runtime.dll
 0000:00000000       .debug$S                   0000000180000000     sf_runtime:sf_runtime.dll
 0000:00000000       .debug$S                   0000000180000000     sf_runtime:sf_runtime.dll
 0000:00000000       .debug$S                   0000000180000000     sf_runtime:sf_runtime.dll
 0000:00000000       .debug$S                   0000000180000000     sf_runtime:sf_runtime.dll
 0000:00000000       .debug$S                   0000000180000000     sf_runtime:sf_runtime.dll
 0000:00000000       .debug$S                   0000000180000000     sf_runtime:sf_runtime.dll
 0000:00000000       .debug$S                   0000000180000000     sf_runtime:sf_runtime.dll
 0000:00000000       .debug$S                   0000000180000000     sf_runtime:sf_runtime.dll
 0000:00000000       .debug$S                   0000000180000000     sf_runtime:sf_runtime.dll
 0000:00000000       .debug$S                   0000000180000000     sf_runtime:sf_runtime.dll
 0000:00000000       .debug$S                   0000000180000000     sf_runtime:sf_runtime.dll
 0000:00000000       .debug$S                   0000000180000000     libmx:libmx.dll
 0000:00000000       .debug$S                   0000000180000000     sf_runtime:sf_runtime.dll
 0000:00000000       .debug$S                   0000000180000000     libmwmathutil:libmwmathutil.dll
 0000:00000000       .debug$S                   0000000180000000     libmwmathutil:libmwmathutil.dll
 0000:00000000       .debug$S                   0000000180000000     sf_runtime:sf_runtime.dll
 0000:00000000       .debug$S                   0000000180000000     libut:libut.dll
 0000:00000000       .debug$S                   0000000180000000     libut:libut.dll
 0000:00000000       .debug$S                   0000000180000000     sf_runtime:sf_runtime.dll
 0000:00000000       .debug$S                   0000000180000000     libmex:libmex.dll
 0000:00000000       .debug$S                   0000000180000000     libmex:libmex.dll
 0000:00000000       .debug$S                   0000000180000000     libmex:libmex.dll
 0000:00000000       .debug$S                   0000000180000000     libmex:libmex.dll
 0000:00000000       .debug$S                   0000000180000000     libmex:libmex.dll
 0000:00000000       .debug$S                   0000000180000000     libmex:libmex.dll
 0000:00000000       .debug$S                   0000000180000000     libmex:libmex.dll
 0000:00000000       .debug$S                   0000000180000000     sf_runtime:sf_runtime.dll
 0000:00000000       .debug$S                   0000000180000000     libmx:libmx.dll
 0000:00000000       .debug$S                   0000000180000000     libmx:libmx.dll
 0000:00000000       .debug$S                   0000000180000000     libmx:libmx.dll
 0000:00000000       .debug$S                   0000000180000000     libmx:libmx.dll
 0000:00000000       .debug$S                   0000000180000000     libmx:libmx.dll
 0000:00000000       .debug$S                   0000000180000000     libmx:libmx.dll
 0000:00000000       .debug$S                   0000000180000000     libmx:libmx.dll
 0000:00000000       .debug$S                   0000000180000000     libmx:libmx.dll
 0000:00000000       .debug$S                   0000000180000000     libmx:libmx.dll
 0000:00000000       .debug$S                   0000000180000000     libmx:libmx.dll
 0000:00000000       .debug$S                   0000000180000000     sf_runtime:sf_runtime.dll
 0000:00000000       .debug$S                   0000000180000000     sf_runtime:sf_runtime.dll
 0000:00000000       .debug$S                   0000000180000000     sf_runtime:sf_runtime.dll
 0000:00000000       .debug$S                   0000000180000000     sf_runtime:sf_runtime.dll
 0000:00000000       .debug$S                   0000000180000000     sf_runtime:sf_runtime.dll
 0000:00000000       .debug$S                   0000000180000000     sf_runtime:sf_runtime.dll
 0000:00000000       .debug$S                   0000000180000000     sf_runtime:sf_runtime.dll
 0000:00000000       .debug$S                   0000000180000000     sf_runtime:sf_runtime.dll
 0000:00000000       .debug$S                   0000000180000000     sf_runtime:sf_runtime.dll
 0000:00000000       .debug$S                   0000000180000000     sf_runtime:sf_runtime.dll
 0000:00000000       .debug$S                   0000000180000000     sf_runtime:sf_runtime.dll
 0000:00000000       .debug$S                   0000000180000000     sf_runtime:sf_runtime.dll
 0000:00000000       .debug$S                   0000000180000000     sf_runtime:sf_runtime.dll
 0000:00000000       .debug$S                   0000000180000000     sf_runtime:sf_runtime.dll
 0000:00000000       .debug$S                   0000000180000000     sf_runtime:sf_runtime.dll
 0000:00000000       .debug$S                   0000000180000000     sf_runtime:sf_runtime.dll
 0000:00000000       .debug$S                   0000000180000000     sf_runtime:sf_runtime.dll
 0000:00000000       .debug$S                   0000000180000000     sf_runtime:sf_runtime.dll
 0000:00000000       .debug$S                   0000000180000000     sf_runtime:sf_runtime.dll
 0000:00000000       .debug$S                   0000000180000000     sf_runtime:sf_runtime.dll
 0000:00000000       .debug$S                   0000000180000000     sf_runtime:sf_runtime.dll
 0000:00000000       .debug$S                   0000000180000000     sf_runtime:sf_runtime.dll
 0000:00000000       .debug$S                   0000000180000000     sf_runtime:sf_runtime.dll
 0000:00000000       .debug$S                   0000000180000000     sf_runtime:sf_runtime.dll
 0000:00000000       .debug$S                   0000000180000000     libmx:libmx.dll
 0000:00000000       .debug$S                   0000000180000000     libmx:libmx.dll
 0000:00000000       .debug$S                   0000000180000000     libmx:libmx.dll
 0000:00000000       .debug$S                   0000000180000000     libmx:libmx.dll
 0000:00000000       .debug$S                   0000000180000000     libmx:libmx.dll
 0000:00000000       .debug$S                   0000000180000000     libmx:libmx.dll
 0000:00000000       .debug$S                   0000000180000000     libmx:libmx.dll
 0000:00000000       .debug$S                   0000000180000000     libmx:libmx.dll
 0000:00000000       .debug$S                   0000000180000000     libmx:libmx.dll
 0000:00000000       .debug$S                   0000000180000000     libmx:libmx.dll
 0001:00001220       chart_debug_initialization 0000000180002220 f   c1_robot2.obj
 0001:00001d30       chart_debug_initialize_data_addresses 0000000180002d30 f   c1_robot2.obj
 0001:00001fa0       initialize_c1_robot2       0000000180002fa0 f   c1_robot2.obj
 0001:00002010       initialize_params_c1_robot2 0000000180003010 f   c1_robot2.obj
 0001:00002020       enable_c1_robot2           0000000180003020 f   c1_robot2.obj
 0001:00002050       disable_c1_robot2          0000000180003050 f   c1_robot2.obj
 0001:00002080       c1_update_debugger_state_c1_robot2 0000000180003080 f   c1_robot2.obj
 0001:00002090       get_sim_state_c1_robot2    0000000180003090 f   c1_robot2.obj
 0001:00002350       set_sim_state_c1_robot2    0000000180003350 f   c1_robot2.obj
 0001:000024b0       finalize_c1_robot2         00000001800034b0 f   c1_robot2.obj
 0001:000024c0       sf_gateway_c1_robot2       00000001800034c0 f   c1_robot2.obj
 0001:00002990       mdl_start_c1_robot2        0000000180003990 f   c1_robot2.obj
 0001:000029a0       c1_chartstep_c1_robot2     00000001800039a0 f   c1_robot2.obj
 0001:00003ab0       initSimStructsc1_robot2    0000000180004ab0 f   c1_robot2.obj
 0001:00003ac0       init_script_number_translation 0000000180004ac0 f   c1_robot2.obj
 0001:00003ae0       c1_sf_marshallOut          0000000180004ae0 f   c1_robot2.obj
 0001:00003b90       c1_emlrt_marshallIn        0000000180004b90 f   c1_robot2.obj
 0001:00003c00       c1_b_emlrt_marshallIn      0000000180004c00 f   c1_robot2.obj
 0001:00003c90       c1_sf_marshallIn           0000000180004c90 f   c1_robot2.obj
 0001:00003d40       c1_b_sf_marshallOut        0000000180004d40 f   c1_robot2.obj
 0001:00003e50       c1_c_emlrt_marshallIn      0000000180004e50 f   c1_robot2.obj
 0001:00003f40       c1_b_sf_marshallIn         0000000180004f40 f   c1_robot2.obj
 0001:00004040       c1_c_sf_marshallOut        0000000180005040 f   c1_robot2.obj
 0001:000041a0       c1_d_emlrt_marshallIn      00000001800051a0 f   c1_robot2.obj
 0001:000042a0       c1_c_sf_marshallIn         00000001800052a0 f   c1_robot2.obj
 0001:000043f0       c1_inv3x3                  00000001800053f0 f   c1_robot2.obj
 0001:00005260       c1_abs                     0000000180006260 f   c1_robot2.obj
 0001:000052a0       c1_norm                    00000001800062a0 f   c1_robot2.obj
 0001:000053f0       c1_warning                 00000001800063f0 f   c1_robot2.obj
 0001:000055c0       c1_b_warning               00000001800065c0 f   c1_robot2.obj
 0001:00005810       c1_e_emlrt_marshallIn      0000000180006810 f   c1_robot2.obj
 0001:00005880       c1_f_emlrt_marshallIn      0000000180006880 f   c1_robot2.obj
 0001:00005970       c1_h_emlrt_marshallIn      0000000180006970 f   c1_robot2.obj
 0001:000059e0       c1_i_emlrt_marshallIn      00000001800069e0 f   c1_robot2.obj
 0001:00005a70       init_dsm_address_info      0000000180006a70 f   c1_robot2.obj
 0001:00005a80       init_simulink_io_address   0000000180006a80 f   c1_robot2.obj
 0001:000068c0       sf_get_sim_state_info_c1_robot2 00000001800078c0 f   c1_robot2.obj
 0001:00006990       sf_get_instance_specialization 0000000180007990 f   c1_robot2.obj
 0001:000069a0       sf_opaque_initialize_c1_robot2 00000001800079a0 f   c1_robot2.obj
 0001:000069e0       sf_opaque_enable_c1_robot2 00000001800079e0 f   c1_robot2.obj
 0001:00006a00       sf_opaque_disable_c1_robot2 0000000180007a00 f   c1_robot2.obj
 0001:00006a20       sf_opaque_gateway_c1_robot2 0000000180007a20 f   c1_robot2.obj
 0001:00006a40       sf_opaque_get_sim_state_c1_robot2 0000000180007a40 f   c1_robot2.obj
 0001:00006a70       sf_opaque_set_sim_state_c1_robot2 0000000180007a70 f   c1_robot2.obj
 0001:00006aa0       sf_opaque_terminate_c1_robot2 0000000180007aa0 f   c1_robot2.obj
 0001:00006b40       mdlProcessParameters_c1_robot2 0000000180007b40 f   c1_robot2.obj
 0001:00006c00       mdlSetWorkWidths_c1_robot2 0000000180007c00 f   c1_robot2.obj
 0001:000072c0       mdlRTW_c1_robot2           00000001800082c0 f   c1_robot2.obj
 0001:00007300       mdlStart_c1_robot2         0000000180008300 f   c1_robot2.obj
 0001:00008848       $LN120                     0000000180009848     robot2_sfun_registry.obj
 0001:0000a5c4       $LN17                      000000018000b5c4     robot2_sfun_registry.obj
 0001:0000ab4c       $LN26                      000000018000bb4c     robot2_sfun_registry.obj
 0001:0000b234       $LN23                      000000018000c234     robot2_sfun_registry.obj
 0001:0000b810       $LN26                      000000018000c810     robot2_sfun_registry.obj
 0001:0000d3e0       sf_debug_api_wrapper       000000018000e3e0 f   robot2_sfun_registry.obj
 0001:0000d430       ProcessMexSfunctionCmdLineCall 000000018000e430 f   robot2_sfun_registry.obj
 0001:0000d7a0       mdlSetWorkWidths           000000018000e7a0 f   robot2_sfun_registry.obj
 0001:0000d7d0       mdlProcessParameters       000000018000e7d0 f   robot2_sfun_registry.obj
 0001:0000d800       mdl_start_processing       000000018000e800 f   robot2_sfun_registry.obj
 0001:0000d8b0       mdl_terminate_processing   000000018000e8b0 f   robot2_sfun_registry.obj
 0001:0000d930       mdlStart                   000000018000e930 f   robot2_sfun_registry.obj
 0001:0000d960       mdlTerminate               000000018000e960 f   robot2_sfun_registry.obj
 0001:0000d990       mdlInitializeSizes         000000018000e990 f   robot2_sfun_registry.obj
 0001:0000d9c0       mdlInitializeSampleTimes   000000018000e9c0 f   robot2_sfun_registry.obj
 0001:0000d9f0       mdl_outputs_continuous_legacy 000000018000e9f0 f   robot2_sfun_registry.obj
 0001:0000daf0       mdl_outputs_processing     000000018000eaf0 f   robot2_sfun_registry.obj
 0001:0000dc10       mdl_zeroCrossings_processing 000000018000ec10 f   robot2_sfun_registry.obj
 0001:0000dc50       mdlZeroCrossings           000000018000ec50 f   robot2_sfun_registry.obj
 0001:0000dc80       mdl_derivatives_processing 000000018000ec80 f   robot2_sfun_registry.obj
 0001:0000dcd0       mdlDerivatives             000000018000ecd0 f   robot2_sfun_registry.obj
 0001:0000dd00       mdl_initialize_conditions_processing 000000018000ed00 f   robot2_sfun_registry.obj
 0001:0000dd50       mdlInitializeConditions    000000018000ed50 f   robot2_sfun_registry.obj
 0001:0000dd80       mdl_ext_mode_exec_processing 000000018000ed80 f   robot2_sfun_registry.obj
 0001:0000ddc0       mdlExtModeExec             000000018000edc0 f   robot2_sfun_registry.obj
 0001:0000ddf0       mdlRTW                     000000018000edf0 f   robot2_sfun_registry.obj
 0001:0000de30       mdl_enable_processing      000000018000ee30 f   robot2_sfun_registry.obj
 0001:0000de70       mdlEnable                  000000018000ee70 f   robot2_sfun_registry.obj
 0001:0000dea0       mdl_disable_processing     000000018000eea0 f   robot2_sfun_registry.obj
 0001:0000dee0       mdlDisable                 000000018000eee0 f   robot2_sfun_registry.obj
 0001:0000df10       mdlOutputs                 000000018000ef10 f   robot2_sfun_registry.obj
 0001:0000df40       mdl_update_processing      000000018000ef40 f   robot2_sfun_registry.obj
 0001:0000df90       mdlUpdate                  000000018000ef90 f   robot2_sfun_registry.obj
 0001:0000e170       mdlGetTimeOfNextVarHit     000000018000f170 f   robot2_sfun_registry.obj
 0001:0000e1c0       _RegNumInputPortsCB        000000018000f1c0 f   robot2_sfun_registry.obj
 0001:0000e240       _RegNumOutputPortsCB       000000018000f240 f   robot2_sfun_registry.obj
 0001:0000e2c0       _CreateSimStruct           000000018000f2c0 f   robot2_sfun_registry.obj
 0001:0000e4a0       _ssFatalError              000000018000f4a0 f   robot2_sfun_registry.obj
 0001:0000e570       _ProcessMexSfunctionCmdLineCall 000000018000f570 f   robot2_sfun_registry.obj
 0001:0000f290       $$000000                   0000000180010290     MSVCRT:amdsecgs.obj
 0001:0000f2ec       pre_c_init                 00000001800102ec f   MSVCRT:crtdll.obj
 0001:0000f5e4       __DllMainCRTStartup        00000001800105e4 f   MSVCRT:crtdll.obj
 0001:0000fb00       __DllMainCRTStartup$filt$0 0000000180010b00 f   MSVCRT:crtdll.obj
 0001:0000fb25       __DllMainCRTStartup$fin$1  0000000180010b25 f   MSVCRT:crtdll.obj
 0001:0000fb40       _IsNonwritableInCurrentImage$filt$0 0000000180010b40 f   MSVCRT:pesect.obj
 0001:0000fb60       _onexit$fin$0              0000000180010b60 f   MSVCRT:atonexit.obj
 0002:00000480       pcinit                     0000000180011480     MSVCRT:crtdll.obj
 0002:00000488       pinit                      0000000180011488     MSVCRT:atonexit.obj
 0002:00000af8       GS_ExceptionPointers       0000000180011af8     MSVCRT:gs_report.obj
 0002:00000bc0       $unwind$load_robot2_optimization_info 0000000180011bc0     robot2_sfun.obj
 0002:00000bc8       $unwind$unload_robot2_optimization_info 0000000180011bc8     robot2_sfun.obj
 0002:00000bd0       $unwind$sf_robot2_method_dispatcher 0000000180011bd0     robot2_sfun.obj
 0002:00000bd8       $unwind$sf_robot2_process_check_sum_call 0000000180011bd8     robot2_sfun.obj
 0002:00000be8       $unwind$sf_robot2_autoinheritance_info 0000000180011be8     robot2_sfun.obj
 0002:00000bf8       $unwind$sf_robot2_get_eml_resolved_functions_info 0000000180011bf8     robot2_sfun.obj
 0002:00000c08       $unwind$sf_robot2_third_party_uses_info 0000000180011c08     robot2_sfun.obj
 0002:00000c18       $unwind$sf_robot2_jit_fallback_info 0000000180011c18     robot2_sfun.obj
 0002:00000c28       $unwind$sf_robot2_updateBuildInfo_args_info 0000000180011c28     robot2_sfun.obj
 0002:00000c38       $unwind$robot2_debug_initialize 0000000180011c38     robot2_sfun.obj
 0002:00000c40       $unwind$sf_c1_robot2_get_eml_resolved_functions_info 0000000180011c40     c1_robot2.obj
 0002:00000c48       $unwind$sf_c1_robot2_get_check_sum 0000000180011c48     c1_robot2.obj
 0002:00000c50       $unwind$c1_robot2_method_dispatcher 0000000180011c50     c1_robot2.obj
 0002:00000c58       $unwind$chart_debug_initialization 0000000180011c58     c1_robot2.obj
 0002:00000c60       $unwind$chart_debug_initialize_data_addresses 0000000180011c60     c1_robot2.obj
 0002:00000c68       $unwind$initialize_c1_robot2 0000000180011c68     c1_robot2.obj
 0002:00000c70       $unwind$enable_c1_robot2   0000000180011c70     c1_robot2.obj
 0002:00000c78       $unwind$disable_c1_robot2  0000000180011c78     c1_robot2.obj
 0002:00000c80       $unwind$get_sim_state_c1_robot2 0000000180011c80     c1_robot2.obj
 0002:00000c88       $unwind$set_sim_state_c1_robot2 0000000180011c88     c1_robot2.obj
 0002:00000c90       $unwind$sf_gateway_c1_robot2 0000000180011c90     c1_robot2.obj
 0002:00000c98       $unwind$c1_chartstep_c1_robot2 0000000180011c98     c1_robot2.obj
 0002:00000ca8       $unwind$c1_sf_marshallOut  0000000180011ca8     c1_robot2.obj
 0002:00000cb0       $unwind$c1_emlrt_marshallIn 0000000180011cb0     c1_robot2.obj
 0002:00000cb8       $unwind$c1_b_emlrt_marshallIn 0000000180011cb8     c1_robot2.obj
 0002:00000cc0       $unwind$c1_sf_marshallIn   0000000180011cc0     c1_robot2.obj
 0002:00000cc8       $unwind$c1_b_sf_marshallOut 0000000180011cc8     c1_robot2.obj
 0002:00000cd8       $unwind$c1_c_emlrt_marshallIn 0000000180011cd8     c1_robot2.obj
 0002:00000ce8       $unwind$c1_b_sf_marshallIn 0000000180011ce8     c1_robot2.obj
 0002:00000cf8       $unwind$c1_c_sf_marshallOut 0000000180011cf8     c1_robot2.obj
 0002:00000d08       $unwind$c1_d_emlrt_marshallIn 0000000180011d08     c1_robot2.obj
 0002:00000d18       $unwind$c1_c_sf_marshallIn 0000000180011d18     c1_robot2.obj
 0002:00000d28       $unwind$c1_inv3x3          0000000180011d28     c1_robot2.obj
 0002:00000d30       $unwind$c1_abs             0000000180011d30     c1_robot2.obj
 0002:00000d38       $unwind$c1_norm            0000000180011d38     c1_robot2.obj
 0002:00000d40       $unwind$c1_warning         0000000180011d40     c1_robot2.obj
 0002:00000d48       $unwind$c1_b_warning       0000000180011d48     c1_robot2.obj
 0002:00000d50       $unwind$c1_e_emlrt_marshallIn 0000000180011d50     c1_robot2.obj
 0002:00000d58       $unwind$c1_f_emlrt_marshallIn 0000000180011d58     c1_robot2.obj
 0002:00000d68       $unwind$c1_h_emlrt_marshallIn 0000000180011d68     c1_robot2.obj
 0002:00000d70       $unwind$c1_i_emlrt_marshallIn 0000000180011d70     c1_robot2.obj
 0002:00000d78       $unwind$init_simulink_io_address 0000000180011d78     c1_robot2.obj
 0002:00000d80       $unwind$sf_c1_robot2_get_post_codegen_info 0000000180011d80     c1_robot2.obj
 0002:00000d88       $unwind$sf_c1_robot2_get_autoinheritance_info 0000000180011d88     c1_robot2.obj
 0002:00000d98       $unwind$sf_c1_robot2_third_party_uses_info 0000000180011d98     c1_robot2.obj
 0002:00000da0       $unwind$sf_c1_robot2_jit_fallback_info 0000000180011da0     c1_robot2.obj
 0002:00000db0       $unwind$sf_c1_robot2_updateBuildInfo_args_info 0000000180011db0     c1_robot2.obj
 0002:00000db8       $unwind$sf_get_sim_state_info_c1_robot2 0000000180011db8     c1_robot2.obj
 0002:00000dc0       $unwind$sf_opaque_initialize_c1_robot2 0000000180011dc0     c1_robot2.obj
 0002:00000dc8       $unwind$sf_opaque_enable_c1_robot2 0000000180011dc8     c1_robot2.obj
 0002:00000dd0       $unwind$sf_opaque_disable_c1_robot2 0000000180011dd0     c1_robot2.obj
 0002:00000dd8       $unwind$sf_opaque_gateway_c1_robot2 0000000180011dd8     c1_robot2.obj
 0002:00000de0       $unwind$sf_opaque_get_sim_state_c1_robot2 0000000180011de0     c1_robot2.obj
 0002:00000de8       $unwind$sf_opaque_set_sim_state_c1_robot2 0000000180011de8     c1_robot2.obj
 0002:00000df0       $unwind$sf_opaque_terminate_c1_robot2 0000000180011df0     c1_robot2.obj
 0002:00000df8       $unwind$mdlProcessParameters_c1_robot2 0000000180011df8     c1_robot2.obj
 0002:00000e00       $unwind$mdlSetWorkWidths_c1_robot2 0000000180011e00     c1_robot2.obj
 0002:00000e08       $unwind$mdlRTW_c1_robot2   0000000180011e08     c1_robot2.obj
 0002:00000e10       $unwind$mdlStart_c1_robot2 0000000180011e10     c1_robot2.obj
 0002:00000e18       $unwind$mexFunction        0000000180011e18     robot2_sfun_registry.obj
 0002:00000e20       $unwind$_ssSetInputPortDirectFeedThroughFcn 0000000180011e20     robot2_sfun_registry.obj
 0002:00000e28       $unwind$_ssGetInputPortSignalPtrsFcn 0000000180011e28     robot2_sfun_registry.obj
 0002:00000e30       $unwind$_ssGetInputPortSignalFcn 0000000180011e30     robot2_sfun_registry.obj
 0002:00000e38       $unwind$_ssSetInputPortReusableFcn 0000000180011e38     robot2_sfun_registry.obj
 0002:00000e48       $unwind$_ssSetOutputPortReusableFcn 0000000180011e48     robot2_sfun_registry.obj
 0002:00000e58       $unwind$_ssSetSymbolicDimsSupport 0000000180011e58     robot2_sfun_registry.obj
 0002:00000e60       $unwind$_ssRegisterSymbolicDimsExpr 0000000180011e60     robot2_sfun_registry.obj
 0002:00000e68       $unwind$_ssRegisterSymbolicDims 0000000180011e68     robot2_sfun_registry.obj
 0002:00000e70       $unwind$_ssRegisterSymbolicDimsString 0000000180011e70     robot2_sfun_registry.obj
 0002:00000e78       $unwind$_ssRegisterSymbolicDimsIntValue 0000000180011e78     robot2_sfun_registry.obj
 0002:00000e80       $unwind$_ssRegisterSymbolicDimsPlus 0000000180011e80     robot2_sfun_registry.obj
 0002:00000e88       $unwind$_ssRegisterSymbolicDimsMinus 0000000180011e88     robot2_sfun_registry.obj
 0002:00000e90       $unwind$_ssRegisterSymbolicDimsMultiply 0000000180011e90     robot2_sfun_registry.obj
 0002:00000e98       $unwind$_ssRegisterSymbolicDimsDivide 0000000180011e98     robot2_sfun_registry.obj
 0002:00000ea0       $unwind$_ssGetNumSymbolicDims 0000000180011ea0     robot2_sfun_registry.obj
 0002:00000ea8       $unwind$_ssGetSymbolicDim  0000000180011ea8     robot2_sfun_registry.obj
 0002:00000eb0       $unwind$_ssSetInputPortSymbolicDimsId 0000000180011eb0     robot2_sfun_registry.obj
 0002:00000eb8       $unwind$_ssGetCompInputPortSymbolicDimsId 0000000180011eb8     robot2_sfun_registry.obj
 0002:00000ec0       $unwind$_ssSetCompInputPortSymbolicDimsId 0000000180011ec0     robot2_sfun_registry.obj
 0002:00000ec8       $unwind$_ssSetOutputPortSymbolicDimsId 0000000180011ec8     robot2_sfun_registry.obj
 0002:00000ed0       $unwind$_ssGetCompOutputPortSymbolicDimsId 0000000180011ed0     robot2_sfun_registry.obj
 0002:00000ed8       $unwind$_ssSetCompOutputPortSymbolicDimsId 0000000180011ed8     robot2_sfun_registry.obj
 0002:00000ee0       $unwind$_ssSetCompDWorkSymbolicDimsId 0000000180011ee0     robot2_sfun_registry.obj
 0002:00000ee8       $unwind$ssGetIsZeroCrossControlDisabled 0000000180011ee8     robot2_sfun_registry.obj
 0002:00000ef0       $unwind$ssSetIsInputPortUsedForContZcSignal 0000000180011ef0     robot2_sfun_registry.obj
 0002:00000ef8       $unwind$ssSetZcSignalIsZcElementDisc 0000000180011ef8     robot2_sfun_registry.obj
 0002:00000f08       $unwind$ssSetZcSignalName  0000000180011f08     robot2_sfun_registry.obj
 0002:00000f10       $unwind$ssSetZcSignalWidth 0000000180011f10     robot2_sfun_registry.obj
 0002:00000f18       $unwind$ssSetZcSignalZcEventType 0000000180011f18     robot2_sfun_registry.obj
 0002:00000f20       $unwind$ssSetZcSignalType  0000000180011f20     robot2_sfun_registry.obj
 0002:00000f28       $unwind$ssSetZcSignalZcTol 0000000180011f28     robot2_sfun_registry.obj
 0002:00000f30       $unwind$ssSetZcSignalNeedsEventNotification 0000000180011f30     robot2_sfun_registry.obj
 0002:00000f38       $unwind$ssCreateAndAddZcSignalInfo 0000000180011f38     robot2_sfun_registry.obj
 0002:00000f40       $unwind$ssCloneAndAddZcSignalInfo 0000000180011f40     robot2_sfun_registry.obj
 0002:00000f48       $unwind$ssGetNumZcSignals  0000000180011f48     robot2_sfun_registry.obj
 0002:00000f50       $unwind$ssGetZcSignalVector 0000000180011f50     robot2_sfun_registry.obj
 0002:00000f58       $unwind$ssGetZcSignalName  0000000180011f58     robot2_sfun_registry.obj
 0002:00000f60       $unwind$ssGetZcSignalWidth 0000000180011f60     robot2_sfun_registry.obj
 0002:00000f68       $unwind$ssGetZcSignalZcEventType 0000000180011f68     robot2_sfun_registry.obj
 0002:00000f70       $unwind$ssGetZcSignalZcEvents 0000000180011f70     robot2_sfun_registry.obj
 0002:00000f78       $unwind$ssGetZcSignalType  0000000180011f78     robot2_sfun_registry.obj
 0002:00000f80       $unwind$ssGetZcSignalZcTol 0000000180011f80     robot2_sfun_registry.obj
 0002:00000f88       $unwind$ssGetZcSignalNeedsEventNotification 0000000180011f88     robot2_sfun_registry.obj
 0002:00000f90       $unwind$ssGetZcSignalIsZcElementDisc 0000000180011f90     robot2_sfun_registry.obj
 0002:00000fa0       $unwind$ssGetIsInputPortElementContinuous 0000000180011fa0     robot2_sfun_registry.obj
 0002:00000fb0       $unwind$ssGetDTypeIdFromMxArray 0000000180011fb0     robot2_sfun_registry.obj
 0002:00000fb8       $unwind$ssWriteRTWStr      0000000180011fb8     robot2_sfun_registry.obj
 0002:00000fc0       $unwind$ssWriteRTWNameValuePair 0000000180011fc0     robot2_sfun_registry.obj
 0002:00000fc8       $unwind$ssWriteRTWParamSettings 0000000180011fc8     robot2_sfun_registry.obj
 0002:00000fd0       $unwind$ssWriteRTWParameters 0000000180011fd0     robot2_sfun_registry.obj
 0002:00000fd8       $unwind$ssWriteRTWWorkVect 0000000180011fd8     robot2_sfun_registry.obj
 0002:00000fec       $unwind$ssWriteRTWMxVectParam 0000000180011fec     robot2_sfun_registry.obj
 0002:00000ff4       $unwind$ssWriteRTWMx2dMatParam 0000000180011ff4     robot2_sfun_registry.obj
 0002:00000ffc       $unwind$_ssSetInputPortMatrixDimensions 0000000180011ffc     robot2_sfun_registry.obj
 0002:00001008       $unwind$_ssSetOutputPortMatrixDimensions 0000000180012008     robot2_sfun_registry.obj
 0002:00001014       $unwind$_ssSetInputPortVectorDimension 0000000180012014     robot2_sfun_registry.obj
 0002:00001020       $unwind$_ssSetOutputPortVectorDimension 0000000180012020     robot2_sfun_registry.obj
 0002:0000102c       $unwind$ssIsRunTimeParamTunable 000000018001202c     robot2_sfun_registry.obj
 0002:00001034       $unwind$ssGetSFuncBlockHandle 0000000180012034     robot2_sfun_registry.obj
 0002:0000103c       $unwind$_ssGetCurrentInputPortWidth 000000018001203c     robot2_sfun_registry.obj
 0002:00001044       $unwind$_ssGetCurrentOutputPortWidth 0000000180012044     robot2_sfun_registry.obj
 0002:0000104c       $unwind$_ssGetCallSystemNumFcnCallDestinations 000000018001204c     robot2_sfun_registry.obj
 0002:00001054       $unwind$ssGetParameterTuningCompliance 0000000180012054     robot2_sfun_registry.obj
 0002:0000105c       $unwind$ssWarning          000000018001205c     robot2_sfun_registry.obj
 0002:00001070       $unwind$_ssGetAbsTol       0000000180012070     robot2_sfun_registry.obj
 0002:00001078       $unwind$sf_process_check_sum_call 0000000180012078     robot2_sfun_registry.obj
 0002:00001080       $unwind$sf_process_autoinheritance_call 0000000180012080     robot2_sfun_registry.obj
 0002:00001090       $unwind$sf_process_get_third_party_uses_info_call 0000000180012090     robot2_sfun_registry.obj
 0002:000010a0       $unwind$sf_process_get_jit_fallback_info_call 00000001800120a0     robot2_sfun_registry.obj
 0002:000010b0       $unwind$sf_process_get_updateBuildInfo_args_info_call 00000001800120b0     robot2_sfun_registry.obj
 0002:000010c0       $unwind$sf_process_get_eml_resolved_functions_info_call 00000001800120c0     robot2_sfun_registry.obj
 0002:000010d0       $unwind$sf_mex_unlock_call 00000001800120d0     robot2_sfun_registry.obj
[...]
 0003:00001b88       sOptimizationInfoFlags     0000000180015b88     robot2_sfun.obj
 0003:00001b90       $SG18382                   0000000180015b90     c1_robot2.obj
 0003:00001b91       $SG18384                   0000000180015b91     c1_robot2.obj
 0003:00001b92       $SG18399                   0000000180015b92     c1_robot2.obj
 0003:00001b98       _sfTime_                   0000000180015b98     c1_robot2.obj
 0003:00001ba0       sfGlobalMdlStartCallCounts 0000000180015ba0     robot2_sfun_registry.obj
 0003:00001ba4       $SG19237                   0000000180015ba4     robot2_sfun_registry.obj
 0003:00001bb0       ?errmsg@?O@??ssWriteRTWWorkVect@@9@9 0000000180015bb0     robot2_sfun_registry.obj
 0003:00001c80       GS_ExceptionRecord         0000000180015c80     MSVCRT:gs_report.obj
 0003:00001d20       GS_ContextRecord           0000000180015d20     MSVCRT:gs_report.obj
 0003:000021f0       DebuggerWasPresent         00000001800161f0     MSVCRT:gs_report.obj
 0003:000021f4       __proc_attached            00000001800161f4     MSVCRT:crtdll.obj
 0004:00000000       $pdata$load_robot2_optimization_info 0000000180017000     robot2_sfun.obj
 0004:0000000c       $pdata$unload_robot2_optimization_info 000000018001700c     robot2_sfun.obj
 0004:00000018       $pdata$sf_robot2_method_dispatcher 0000000180017018     robot2_sfun.obj
 0004:00000024       $pdata$sf_robot2_process_check_sum_call 0000000180017024     robot2_sfun.obj
 0004:00000030       $pdata$sf_robot2_autoinheritance_info 0000000180017030     robot2_sfun.obj
 0004:0000003c       $pdata$sf_robot2_get_eml_resolved_functions_info 000000018001703c     robot2_sfun.obj
 0004:00000048       $pdata$sf_robot2_third_party_uses_info 0000000180017048     robot2_sfun.obj
 0004:00000054       $pdata$sf_robot2_jit_fallback_info 0000000180017054     robot2_sfun.obj
 0004:00000060       $pdata$sf_robot2_updateBuildInfo_args_info 0000000180017060     robot2_sfun.obj
 0004:0000006c       $pdata$robot2_debug_initialize 000000018001706c     robot2_sfun.obj
 0004:00000078       $pdata$sf_c1_robot2_get_eml_resolved_functions_info 0000000180017078     c1_robot2.obj
 0004:00000084       $pdata$sf_c1_robot2_get_check_sum 0000000180017084     c1_robot2.obj
 0004:00000090       $pdata$c1_robot2_method_dispatcher 0000000180017090     c1_robot2.obj
 0004:0000009c       $pdata$chart_debug_initialization 000000018001709c     c1_robot2.obj
 0004:000000a8       $pdata$chart_debug_initialize_data_addresses 00000001800170a8     c1_robot2.obj
 0004:000000b4       $pdata$initialize_c1_robot2 00000001800170b4     c1_robot2.obj
 0004:000000c0       $pdata$enable_c1_robot2    00000001800170c0     c1_robot2.obj
 0004:000000cc       $pdata$disable_c1_robot2   00000001800170cc     c1_robot2.obj
 0004:000000d8       $pdata$get_sim_state_c1_robot2 00000001800170d8     c1_robot2.obj
 0004:000000e4       $pdata$set_sim_state_c1_robot2 00000001800170e4     c1_robot2.obj
 0004:000000f0       $pdata$sf_gateway_c1_robot2 00000001800170f0     c1_robot2.obj
 0004:000000fc       $pdata$c1_chartstep_c1_robot2 00000001800170fc     c1_robot2.obj
 0004:00000108       $pdata$c1_sf_marshallOut   0000000180017108     c1_robot2.obj
 0004:00000114       $pdata$c1_emlrt_marshallIn 0000000180017114     c1_robot2.obj
 0004:00000120       $pdata$c1_b_emlrt_marshallIn 0000000180017120     c1_robot2.obj
 0004:0000012c       $pdata$c1_sf_marshallIn    000000018001712c     c1_robot2.obj
 0004:00000138       $pdata$c1_b_sf_marshallOut 0000000180017138     c1_robot2.obj
 0004:00000144       $pdata$c1_c_emlrt_marshallIn 0000000180017144     c1_robot2.obj
 0004:00000150       $pdata$c1_b_sf_marshallIn  0000000180017150     c1_robot2.obj
 0004:0000015c       $pdata$c1_c_sf_marshallOut 000000018001715c     c1_robot2.obj
 0004:00000168       $pdata$c1_d_emlrt_marshallIn 0000000180017168     c1_robot2.obj
 0004:00000174       $pdata$c1_c_sf_marshallIn  0000000180017174     c1_robot2.obj
 0004:00000180       $pdata$c1_inv3x3           0000000180017180     c1_robot2.obj
 0004:0000018c       $pdata$c1_abs              000000018001718c     c1_robot2.obj
 0004:00000198       $pdata$c1_norm             0000000180017198     c1_robot2.obj
 0004:000001a4       $pdata$c1_warning          00000001800171a4     c1_robot2.obj
 0004:000001b0       $pdata$c1_b_warning        00000001800171b0     c1_robot2.obj
 0004:000001bc       $pdata$c1_e_emlrt_marshallIn 00000001800171bc     c1_robot2.obj
 0004:000001c8       $pdata$c1_f_emlrt_marshallIn 00000001800171c8     c1_robot2.obj
 0004:000001d4       $pdata$c1_h_emlrt_marshallIn 00000001800171d4     c1_robot2.obj
 0004:000001e0       $pdata$c1_i_emlrt_marshallIn 00000001800171e0     c1_robot2.obj
 0004:000001ec       $pdata$init_simulink_io_address 00000001800171ec     c1_robot2.obj
 0004:000001f8       $pdata$sf_c1_robot2_get_post_codegen_info 00000001800171f8     c1_robot2.obj
 0004:00000204       $pdata$sf_c1_robot2_get_autoinheritance_info 0000000180017204     c1_robot2.obj
 0004:00000210       $pdata$sf_c1_robot2_third_party_uses_info 0000000180017210     c1_robot2.obj
 0004:0000021c       $pdata$sf_c1_robot2_jit_fallback_info 000000018001721c     c1_robot2.obj
 0004:00000228       $pdata$sf_c1_robot2_updateBuildInfo_args_info 0000000180017228     c1_robot2.obj
 0004:00000234       $pdata$sf_get_sim_state_info_c1_robot2 0000000180017234     c1_robot2.obj
 0004:00000240       $pdata$sf_opaque_initialize_c1_robot2 0000000180017240     c1_robot2.obj
 0004:0000024c       $pdata$sf_opaque_enable_c1_robot2 000000018001724c     c1_robot2.obj
 0004:00000258       $pdata$sf_opaque_disable_c1_robot2 0000000180017258     c1_robot2.obj
 0004:00000264       $pdata$sf_opaque_gateway_c1_robot2 0000000180017264     c1_robot2.obj
 0004:00000270       $pdata$sf_opaque_get_sim_state_c1_robot2 0000000180017270     c1_robot2.obj
 0004:0000027c       $pdata$sf_opaque_set_sim_state_c1_robot2 000000018001727c     c1_robot2.obj
 0004:00000288       $pdata$sf_opaque_terminate_c1_robot2 0000000180017288     c1_robot2.obj
 0004:00000294       $pdata$mdlProcessParameters_c1_robot2 0000000180017294     c1_robot2.obj
 0004:000002a0       $pdata$mdlSetWorkWidths_c1_robot2 00000001800172a0     c1_robot2.obj
 0004:000002ac       $pdata$mdlRTW_c1_robot2    00000001800172ac     c1_robot2.obj
 0004:000002b8       $pdata$mdlStart_c1_robot2  00000001800172b8     c1_robot2.obj
 0004:000002c4       $pdata$mexFunction         00000001800172c4     robot2_sfun_registry.obj
 0004:000002d0       $pdata$_ssSetInputPortDirectFeedThroughFcn 00000001800172d0     robot2_sfun_registry.obj
 0004:000002dc       $pdata$_ssGetInputPortSignalPtrsFcn 00000001800172dc     robot2_sfun_registry.obj
 0004:000002e8       $pdata$_ssGetInputPortSignalFcn 00000001800172e8     robot2_sfun_registry.obj
 0004:000002f4       $pdata$_ssSetInputPortReusableFcn 00000001800172f4     robot2_sfun_registry.obj
 0004:00000300       $pdata$_ssSetOutputPortReusableFcn 0000000180017300     robot2_sfun_registry.obj
 0004:0000030c       $pdata$_ssSetSymbolicDimsSupport 000000018001730c     robot2_sfun_registry.obj
 0004:00000318       $pdata$_ssRegisterSymbolicDimsExpr 0000000180017318     robot2_sfun_registry.obj
 0004:00000324       $pdata$_ssRegisterSymbolicDims 0000000180017324     robot2_sfun_registry.obj
 0004:00000330       $pdata$_ssRegisterSymbolicDimsString 0000000180017330     robot2_sfun_registry.obj
 0004:0000033c       $pdata$_ssRegisterSymbolicDimsIntValue 000000018001733c     robot2_sfun_registry.obj
 0004:00000348       $pdata$_ssRegisterSymbolicDimsPlus 0000000180017348     robot2_sfun_registry.obj
 0004:00000354       $pdata$_ssRegisterSymbolicDimsMinus 0000000180017354     robot2_sfun_registry.obj
 0004:00000360       $pdata$_ssRegisterSymbolicDimsMultiply 0000000180017360     robot2_sfun_registry.obj
 0004:0000036c       $pdata$_ssRegisterSymbolicDimsDivide 000000018001736c     robot2_sfun_registry.obj
 0004:00000378       $pdata$_ssGetNumSymbolicDims 0000000180017378     robot2_sfun_registry.obj
 0004:00000384       $pdata$_ssGetSymbolicDim   0000000180017384     robot2_sfun_registry.obj
 0004:00000390       $pdata$_ssSetInputPortSymbolicDimsId 0000000180017390     robot2_sfun_registry.obj
 0004:0000039c       $pdata$_ssGetCompInputPortSymbolicDimsId 000000018001739c     robot2_sfun_registry.obj
 0004:000003a8       $pdata$_ssSetCompInputPortSymbolicDimsId 00000001800173a8     robot2_sfun_registry.obj
 0004:000003b4       $pdata$_ssSetOutputPortSymbolicDimsId 00000001800173b4     robot2_sfun_registry.obj
 0004:000003c0       $pdata$_ssGetCompOutputPortSymbolicDimsId 00000001800173c0     robot2_sfun_registry.obj
 0004:000003cc       $pdata$_ssSetCompOutputPortSymbolicDimsId 00000001800173cc     robot2_sfun_registry.obj
 0004:000003d8       $pdata$_ssSetCompDWorkSymbolicDimsId 00000001800173d8     robot2_sfun_registry.obj
 0004:000003e4       $pdata$ssGetIsZeroCrossControlDisabled 00000001800173e4     robot2_sfun_registry.obj
 0004:000003f0       $pdata$ssSetIsInputPortUsedForContZcSignal 00000001800173f0     robot2_sfun_registry.obj
 0004:000003fc       $pdata$ssSetZcSignalIsZcElementDisc 00000001800173fc     robot2_sfun_registry.obj
 0004:00000408       $pdata$ssSetZcSignalName   0000000180017408     robot2_sfun_registry.obj
 0004:00000414       $pdata$ssSetZcSignalWidth  0000000180017414     robot2_sfun_registry.obj
 0004:00000420       $pdata$ssSetZcSignalZcEventType 0000000180017420     robot2_sfun_registry.obj
 0004:0000042c       $pdata$ssSetZcSignalType   000000018001742c     robot2_sfun_registry.obj
 0004:00000438       $pdata$ssSetZcSignalZcTol  0000000180017438     robot2_sfun_registry.obj
 0004:00000444       $pdata$ssSetZcSignalNeedsEventNotification 0000000180017444     robot2_sfun_registry.obj
 0004:00000450       $pdata$ssCreateAndAddZcSignalInfo 0000000180017450     robot2_sfun_registry.obj
 0004:0000045c       $pdata$ssCloneAndAddZcSignalInfo 000000018001745c     robot2_sfun_registry.obj
 0004:00000468       $pdata$ssGetNumZcSignals   0000000180017468     robot2_sfun_registry.obj
 0004:00000474       $pdata$ssGetZcSignalVector 0000000180017474     robot2_sfun_registry.obj
 0004:00000480       $pdata$ssGetZcSignalName   0000000180017480     robot2_sfun_registry.obj
 0004:0000048c       $pdata$ssGetZcSignalWidth  000000018001748c     robot2_sfun_registry.obj
 0004:00000498       $pdata$ssGetZcSignalZcEventType 0000000180017498     robot2_sfun_registry.obj
 0004:000004a4       $pdata$ssGetZcSignalZcEvents 00000001800174a4     robot2_sfun_registry.obj
 0004:000004b0       $pdata$ssGetZcSignalType   00000001800174b0     robot2_sfun_registry.obj
 0004:000004bc       $pdata$ssGetZcSignalZcTol  00000001800174bc     robot2_sfun_registry.obj
 0004:000004c8       $pdata$ssGetZcSignalNeedsEventNotification 00000001800174c8     robot2_sfun_registry.obj
 0004:000004d4       $pdata$ssGetZcSignalIsZcElementDisc 00000001800174d4     robot2_sfun_registry.obj
 0004:000004e0       $pdata$ssGetIsInputPortElementContinuous 00000001800174e0     robot2_sfun_registry.obj
 0004:000004ec       $pdata$ssGetDTypeIdFromMxArray 00000001800174ec     robot2_sfun_registry.obj
 0004:000004f8       $pdata$ssWriteRTWStr       00000001800174f8     robot2_sfun_registry.obj
 0004:00000504       $pdata$ssWriteRTWNameValuePair 0000000180017504     robot2_sfun_registry.obj
 0004:00000510       $pdata$ssWriteRTWParamSettings 0000000180017510     robot2_sfun_registry.obj
 0004:0000051c       $pdata$ssWriteRTWParameters 000000018001751c     robot2_sfun_registry.obj
 0004:00000528       $pdata$ssWriteRTWWorkVect  0000000180017528     robot2_sfun_registry.obj
 0004:00000534       $pdata$ssWriteRTWMxVectParam 0000000180017534     robot2_sfun_registry.obj
 0004:00000540       $pdata$ssWriteRTWMx2dMatParam 0000000180017540     robot2_sfun_registry.obj
 0004:0000054c       $pdata$_ssSetInputPortMatrixDimensions 000000018001754c     robot2_sfun_registry.obj
 0004:00000558       $pdata$_ssSetOutputPortMatrixDimensions 0000000180017558     robot2_sfun_registry.obj
 0004:00000564       $pdata$_ssSetInputPortVectorDimension 0000000180017564     robot2_sfun_registry.obj
 0004:00000570       $pdata$_ssSetOutputPortVectorDimension 0000000180017570     robot2_sfun_registry.obj
 0004:0000057c       $pdata$ssIsRunTimeParamTunable 000000018001757c     robot2_sfun_registry.obj
 0004:00000588       $pdata$ssGetSFuncBlockHandle 0000000180017588     robot2_sfun_registry.obj
 0004:00000594       $pdata$_ssGetCurrentInputPortWidth 0000000180017594     robot2_sfun_registry.obj
 0004:000005a0       $pdata$_ssGetCurrentOutputPortWidth 00000001800175a0     robot2_sfun_registry.obj
 0004:000005ac       $pdata$_ssGetCallSystemNumFcnCallDestinations 00000001800175ac     robot2_sfun_registry.obj
 0004:000005b8       $pdata$ssGetParameterTuningCompliance 00000001800175b8     robot2_sfun_registry.obj
 0004:000005c4       $pdata$ssWarning           00000001800175c4     robot2_sfun_registry.obj
 0004:000005d0       $pdata$_ssGetAbsTol        00000001800175d0     robot2_sfun_registry.obj
 0004:000005dc       $pdata$sf_process_check_sum_call 00000001800175dc     robot2_sfun_registry.obj
 0004:000005e8       $pdata$sf_process_autoinheritance_call 00000001800175e8     robot2_sfun_registry.obj
 0004:000005f4       $pdata$sf_process_get_third_party_uses_info_call 00000001800175f4     robot2_sfun_registry.obj
 0004:00000600       $pdata$sf_process_get_jit_fallback_info_call 0000000180017600     robot2_sfun_registry.obj
 0004:0000060c       $pdata$sf_process_get_updateBuildInfo_args_info_call 000000018001760c     robot2_sfun_registry.obj
 0004:00000618       $pdata$sf_process_get_eml_resolved_functions_info_call 0000000180017618     robot2_sfun_registry.obj
 0004:00000624       $pdata$sf_mex_unlock_call  0000000180017624     robot2_sfun_registry.obj
 0004:00000630       $pdata$sf_debug_api_wrapper 0000000180017630     robot2_sfun_registry.obj
 0004:0000063c       $pdata$ProcessMexSfunctionCmdLineCall 000000018001763c     robot2_sfun_registry.obj
 0004:00000648       $pdata$sf_machine_global_initializer_called 0000000180017648     robot2_sfun_registry.obj
 0004:00000654       $pdata$sf_machine_global_method_dispatcher 0000000180017654     robot2_sfun_registry.obj
 0004:00000660       $pdata$sf_machine_global_terminator 0000000180017660     robot2_sfun_registry.obj
 0004:0000066c       $pdata$sf_register_machine_exported_symbols 000000018001766c     robot2_sfun_registry.obj
 0004:00000678       $pdata$sf_machine_global_initializer 0000000180017678     robot2_sfun_registry.obj
 0004:00000684       $pdata$mdlGetSimState      0000000180017684     robot2_sfun_registry.obj
 0004:00000690       $pdata$mdlSetSimState      0000000180017690     robot2_sfun_registry.obj
 0004:0000069c       $pdata$mdlSetWorkWidths    000000018001769c     robot2_sfun_registry.obj
 0004:000006a8       $pdata$mdlProcessParameters 00000001800176a8     robot2_sfun_registry.obj
 0004:000006b4       $pdata$mdl_start_processing 00000001800176b4     robot2_sfun_registry.obj
 0004:000006c0       $pdata$mdl_terminate_processing 00000001800176c0     robot2_sfun_registry.obj
 0004:000006cc       $pdata$mdlStart            00000001800176cc     robot2_sfun_registry.obj
 0004:000006d8       $pdata$mdlTerminate        00000001800176d8     robot2_sfun_registry.obj
 0004:000006e4       $pdata$mdlInitializeSizes  00000001800176e4     robot2_sfun_registry.obj
 0004:000006f0       $pdata$mdlInitializeSampleTimes 00000001800176f0     robot2_sfun_registry.obj
 0004:000006fc       $pdata$mdl_outputs_continuous_legacy 00000001800176fc     robot2_sfun_registry.obj
 0004:00000708       $pdata$mdl_outputs_processing 0000000180017708     robot2_sfun_registry.obj
 0004:00000714       $pdata$mdl_zeroCrossings_processing 0000000180017714     robot2_sfun_registry.obj
 0004:00000720       $pdata$mdlZeroCrossings    0000000180017720     robot2_sfun_registry.obj
 0004:0000072c       $pdata$mdl_derivatives_processing 000000018001772c     robot2_sfun_registry.obj
 0004:00000738       $pdata$mdlDerivatives      0000000180017738     robot2_sfun_registry.obj
 0004:00000744       $pdata$mdl_initialize_conditions_processing 0000000180017744     robot2_sfun_registry.obj
 0004:00000750       $pdata$mdlInitializeConditions 0000000180017750     robot2_sfun_registry.obj
 0004:0000075c       $pdata$mdl_ext_mode_exec_processing 000000018001775c     robot2_sfun_registry.obj
 0004:00000768       $pdata$mdlExtModeExec      0000000180017768     robot2_sfun_registry.obj
 0004:00000774       $pdata$mdlRTW              0000000180017774     robot2_sfun_registry.obj
 0004:00000780       $pdata$mdl_enable_processing 0000000180017780     robot2_sfun_registry.obj
 0004:0000078c       $pdata$mdlEnable           000000018001778c     robot2_sfun_registry.obj
 0004:00000798       $pdata$mdl_disable_processing 0000000180017798     robot2_sfun_registry.obj
 0004:000007a4       $pdata$mdlDisable          00000001800177a4     robot2_sfun_registry.obj
 0004:000007b0       $pdata$mdlOutputs          00000001800177b0     robot2_sfun_registry.obj
 0004:000007bc       $pdata$mdl_update_processing 00000001800177bc     robot2_sfun_registry.obj
 0004:000007c8       $pdata$mdlUpdate           00000001800177c8     robot2_sfun_registry.obj
 0004:000007d4       $pdata$ProcessMexSfunctionEveryCall 00000001800177d4     robot2_sfun_registry.obj
 0004:000007e0       $pdata$_RegNumInputPortsCB 00000001800177e0     robot2_sfun_registry.obj
 0004:000007ec       $pdata$_RegNumOutputPortsCB 00000001800177ec     robot2_sfun_registry.obj
 0004:000007f8       $pdata$_CreateSimStruct    00000001800177f8     robot2_sfun_registry.obj
 0004:00000804       $pdata$_ssFatalError       0000000180017804     robot2_sfun_registry.obj
 0004:00000810       $pdata$_ProcessMexSfunctionCmdLineCall 0000000180017810     robot2_sfun_registry.obj
 0004:0000081c       $pdata$__raise_securityfailure 000000018001781c     MSVCRT:gs_report.obj
 0004:00000828       $pdata$__report_gsfailure  0000000180017828     MSVCRT:gs_report.obj
 0004:00000834       $pdata$__report_rangecheckfailure 0000000180017834     MSVCRT:gs_report.obj
 0004:00000840       $pdata$__report_securityfailure 0000000180017840     MSVCRT:gs_report.obj
 0004:0000084c       $pdata$__report_securityfailureEx 000000018001784c     MSVCRT:gs_report.obj
 0004:00000858       $pdata$__GSHandlerCheck    0000000180017858     MSVCRT:gshandler.obj
 0004:00000864       $pdata$__GSHandlerCheckCommon 0000000180017864     MSVCRT:gshandler.obj
 0004:0000087c       $pdata$pre_c_init          000000018001787c     MSVCRT:crtdll.obj
 0004:00000888       $pdata$_CRT_INIT           0000000180017888     MSVCRT:crtdll.obj
 0004:00000894       $pdata$_DllMainCRTStartup  0000000180017894     MSVCRT:crtdll.obj
 0004:000008a0       $pdata$__DllMainCRTStartup 00000001800178a0     MSVCRT:crtdll.obj
 0004:000008ac       $pdata$_IsNonwritableInCurrentImage 00000001800178ac     MSVCRT:pesect.obj
 0004:000008b8       $pdata$__atonexitinit      00000001800178b8     MSVCRT:atonexit.obj
 0004:000008c4       $pdata$_onexit             00000001800178c4     MSVCRT:atonexit.obj
 0004:000008d0       $pdata$atexit              00000001800178d0     MSVCRT:atonexit.obj
 0004:000008dc       $pdata$__security_init_cookie 00000001800178dc     MSVCRT:gs_support.obj
 0004:000008e8       $pdata$DllMain             00000001800178e8     MSVCRT:dllmain.obj
 0004:000008f4       $pdata$_RTC_Initialize     00000001800178f4     MSVCRT:initsect.obj
 0004:00000900       $pdata$_RTC_Terminate      0000000180017900     MSVCRT:initsect.obj
 0004:0000090c       $pdata$__DllMainCRTStartup$filt$0 000000018001790c     MSVCRT:crtdll.obj
 0004:00000918       $pdata$__DllMainCRTStartup$fin$1 0000000180017918     MSVCRT:crtdll.obj
 0004:00000924       $pdata$_IsNonwritableInCurrentImage$filt$0 0000000180017924     MSVCRT:pesect.obj
 0004:00000930       $pdata$_onexit$fin$0       0000000180017930     MSVCRT:atonexit.obj
